Archive member included because of file (symbol)

/usr/bin/../lib/gcc/arm-none-eabi/4.9.3/../../../../arm-none-eabi/lib/armv7e-m/fpu/libg.a(lib_a-memcpy.o)
                              /tmp/ccJ8GRf9.ltrans1.ltrans.o (memcpy)
/usr/bin/../lib/gcc/arm-none-eabi/4.9.3/../../../../arm-none-eabi/lib/armv7e-m/fpu/libg.a(lib_a-memset.o)
                              /tmp/ccJ8GRf9.ltrans1.ltrans.o (memset)

Discarded input sections

 .data          0x0000000000000000        0x0 build/obj/crt0_v7m.o
 .bss           0x0000000000000000        0x0 build/obj/crt0_v7m.o
 .data          0x0000000000000000        0x0 build/obj/chcoreasm_v7m.o
 .bss           0x0000000000000000        0x0 build/obj/chcoreasm_v7m.o
 .text          0x0000000000000000        0x0 build/obj/crt1.o (symbol from plugin)
 .text          0x0000000000000000        0x0 /tmp/ccJ8GRf9.ltrans0.ltrans.o
 .data          0x0000000000000000        0x0 /tmp/ccJ8GRf9.ltrans0.ltrans.o
 .bss           0x0000000000000000        0x0 /tmp/ccJ8GRf9.ltrans0.ltrans.o
 .text          0x0000000000000000        0x0 /tmp/ccJ8GRf9.ltrans1.ltrans.o
 .data          0x0000000000000000        0x0 /tmp/ccJ8GRf9.ltrans1.ltrans.o
 .bss           0x0000000000000000        0x0 /tmp/ccJ8GRf9.ltrans1.ltrans.o
 .text          0x0000000000000000        0x0 /tmp/ccJ8GRf9.ltrans2.ltrans.o
 .data          0x0000000000000000        0x0 /tmp/ccJ8GRf9.ltrans2.ltrans.o
 .bss           0x0000000000000000        0x0 /tmp/ccJ8GRf9.ltrans2.ltrans.o
 .text          0x0000000000000000        0x0 /tmp/ccJ8GRf9.ltrans3.ltrans.o
 .data          0x0000000000000000        0x0 /tmp/ccJ8GRf9.ltrans3.ltrans.o
 .bss           0x0000000000000000        0x0 /tmp/ccJ8GRf9.ltrans3.ltrans.o
 .text          0x0000000000000000        0x0 /tmp/ccJ8GRf9.ltrans4.ltrans.o
 .data          0x0000000000000000        0x0 /tmp/ccJ8GRf9.ltrans4.ltrans.o
 .bss           0x0000000000000000        0x0 /tmp/ccJ8GRf9.ltrans4.ltrans.o
 .text          0x0000000000000000        0x0 /tmp/ccJ8GRf9.ltrans5.ltrans.o
 .data          0x0000000000000000        0x0 /tmp/ccJ8GRf9.ltrans5.ltrans.o
 .bss           0x0000000000000000        0x0 /tmp/ccJ8GRf9.ltrans5.ltrans.o
 .data          0x0000000000000000        0x0 /usr/bin/../lib/gcc/arm-none-eabi/4.9.3/../../../../arm-none-eabi/lib/armv7e-m/fpu/libg.a(lib_a-memcpy.o)
 .bss           0x0000000000000000        0x0 /usr/bin/../lib/gcc/arm-none-eabi/4.9.3/../../../../arm-none-eabi/lib/armv7e-m/fpu/libg.a(lib_a-memcpy.o)
 .text          0x0000000000000000        0x0 /usr/bin/../lib/gcc/arm-none-eabi/4.9.3/../../../../arm-none-eabi/lib/armv7e-m/fpu/libg.a(lib_a-memset.o)
 .data          0x0000000000000000        0x0 /usr/bin/../lib/gcc/arm-none-eabi/4.9.3/../../../../arm-none-eabi/lib/armv7e-m/fpu/libg.a(lib_a-memset.o)
 .bss           0x0000000000000000        0x0 /usr/bin/../lib/gcc/arm-none-eabi/4.9.3/../../../../arm-none-eabi/lib/armv7e-m/fpu/libg.a(lib_a-memset.o)
 .text          0x0000000000000000        0x0 build/obj/vectors.o (symbol from plugin)
 .text          0x0000000000000000        0x0 build/obj/chsys.o (symbol from plugin)
 .text          0x0000000000000000        0x0 build/obj/chdebug.o (symbol from plugin)
 .text          0x0000000000000000        0x0 build/obj/chtrace.o (symbol from plugin)
 .text          0x0000000000000000        0x0 build/obj/chvt.o (symbol from plugin)
 .text          0x0000000000000000        0x0 build/obj/chschd.o (symbol from plugin)
 .text          0x0000000000000000        0x0 build/obj/chthreads.o (symbol from plugin)
 .text          0x0000000000000000        0x0 build/obj/chtm.o (symbol from plugin)
 .text          0x0000000000000000        0x0 build/obj/chregistry.o (symbol from plugin)
 .text          0x0000000000000000        0x0 build/obj/chsem.o (symbol from plugin)
 .text          0x0000000000000000        0x0 build/obj/chmtx.o (symbol from plugin)
 .text          0x0000000000000000        0x0 build/obj/chcond.o (symbol from plugin)
 .text          0x0000000000000000        0x0 build/obj/chevents.o (symbol from plugin)
 .text          0x0000000000000000        0x0 build/obj/chmsg.o (symbol from plugin)
 .text          0x0000000000000000        0x0 build/obj/chdynamic.o (symbol from plugin)
 .text          0x0000000000000000        0x0 build/obj/chmboxes.o (symbol from plugin)
 .text          0x0000000000000000        0x0 build/obj/chmemcore.o (symbol from plugin)
 .text          0x0000000000000000        0x0 build/obj/chheap.o (symbol from plugin)
 .text          0x0000000000000000        0x0 build/obj/chmempools.o (symbol from plugin)
 .text          0x0000000000000000        0x0 build/obj/chcore.o (symbol from plugin)
 .text          0x0000000000000000        0x0 build/obj/chcore_v7m.o (symbol from plugin)
 .text          0x0000000000000000        0x0 build/obj/osal.o (symbol from plugin)
 .text          0x0000000000000000        0x0 build/obj/hal.o (symbol from plugin)
[...]
Memory Configuration

Name             Origin             Length             Attributes
flash0           0x0000000008000000 0x0000000000100000
flash1           0x0000000000000000 0x0000000000000000
flash2           0x0000000000000000 0x0000000000000000
flash3           0x0000000000000000 0x0000000000000000
flash4           0x0000000000000000 0x0000000000000000
flash5           0x0000000000000000 0x0000000000000000
flash6           0x0000000000000000 0x0000000000000000
flash7           0x0000000000000000 0x0000000000000000
ram0             0x0000000020000000 0x0000000000020000
ram1             0x0000000020000000 0x000000000001c000
ram2             0x000000002001c000 0x0000000000004000
ram3             0x0000000000000000 0x0000000000000000
ram4             0x0000000010000000 0x0000000000010000
ram5             0x0000000040024000 0x0000000000001000
ram6             0x0000000000000000 0x0000000000000000
ram7             0x0000000000000000 0x0000000000000000
*default*        0x0000000000000000 0xffffffffffffffff

Linker script and memory map

LOAD build/obj/crt0_v7m.o
LOAD build/obj/chcoreasm_v7m.o
LOAD build/obj/crt1.o
LOAD /tmp/ccJ8GRf9.ltrans0.ltrans.o
LOAD /tmp/ccJ8GRf9.ltrans1.ltrans.o
LOAD /tmp/ccJ8GRf9.ltrans2.ltrans.o
LOAD /tmp/ccJ8GRf9.ltrans3.ltrans.o
LOAD /tmp/ccJ8GRf9.ltrans4.ltrans.o
LOAD /tmp/ccJ8GRf9.ltrans5.ltrans.o
LOAD /usr/bin/../lib/gcc/arm-none-eabi/4.9.3/armv7e-m/fpu/libgcc.a
LOAD /usr/bin/../lib/gcc/arm-none-eabi/4.9.3/../../../../arm-none-eabi/lib/armv7e-m/fpu/libg.a
LOAD /usr/bin/../lib/gcc/arm-none-eabi/4.9.3/../../../../arm-none-eabi/lib/armv7e-m/fpu/libc.a
LOAD build/obj/vectors.o
LOAD build/obj/chsys.o
LOAD build/obj/chdebug.o
LOAD build/obj/chtrace.o
LOAD build/obj/chvt.o
LOAD build/obj/chschd.o
LOAD build/obj/chthreads.o
LOAD build/obj/chtm.o
LOAD build/obj/chregistry.o
LOAD build/obj/chsem.o
LOAD build/obj/chmtx.o
LOAD build/obj/chcond.o
LOAD build/obj/chevents.o
LOAD build/obj/chmsg.o
LOAD build/obj/chdynamic.o
LOAD build/obj/chmboxes.o
LOAD build/obj/chmemcore.o
LOAD build/obj/chheap.o
LOAD build/obj/chmempools.o
LOAD build/obj/chcore.o
LOAD build/obj/chcore_v7m.o
LOAD build/obj/osal.o
LOAD build/obj/hal.o
LOAD build/obj/hal_st.o
LOAD build/obj/hal_buffers.o
LOAD build/obj/hal_queues.o
LOAD build/obj/hal_mmcsd.o
LOAD build/obj/hal_i2c.o
LOAD build/obj/hal_pal.o
LOAD build/obj/hal_serial_usb.o
LOAD build/obj/hal_spi.o
LOAD build/obj/hal_usb.o
LOAD build/obj/nvic.o
LOAD build/obj/hal_lld.o
LOAD build/obj/stm32_dma.o
LOAD build/obj/hal_pal_lld.o
LOAD build/obj/hal_i2c_lld.o
LOAD build/obj/hal_usb_lld.o
LOAD build/obj/hal_spi_lld.o
LOAD build/obj/hal_st_lld.o
LOAD build/obj/board.o
LOAD build/obj/lis302dl.o
LOAD build/obj/chprintf.o
LOAD build/obj/memstreams.o
LOAD build/obj/nullstreams.o
LOAD build/obj/shell.o
LOAD build/obj/shell_cmd.o
LOAD build/obj/usbcfg.o
LOAD build/obj/main.o
LOAD build/obj/usb_functions.o
LOAD build/obj/rx_requests.o
LOAD build/obj/i2c_functions.o
LOAD build/obj/i2cdev_chibi.o
LOAD build/obj/mpu6050.o
LOAD build/obj/buffer.o
LOAD /usr/bin/../lib/gcc/arm-none-eabi/4.9.3/../../../../arm-none-eabi/lib/armv7e-m/fpu/libm.a

.mstack         0x0000000020000000      0x400
                0x0000000020000000                . = ALIGN (0x8)
                0x0000000020000000                __main_stack_base__ = .
                0x0000000020000400                . = (. + __main_stack_size__)
 *fill*         0x0000000020000000      0x400 
                0x0000000020000400                . = ALIGN (0x8)
                0x0000000020000400                __main_stack_end__ = .

.pstack         0x0000000020000400      0x400
                0x0000000020000400                __process_stack_base__ = .
                0x0000000020000400                __main_thread_stack_base__ = .
                0x0000000020000800                . = (. + __process_stack_size__)
 *fill*         0x0000000020000400      0x400 
                0x0000000020000800                . = ALIGN (0x8)
                0x0000000020000800                __process_stack_end__ = .
                0x0000000020000800                __main_thread_stack_end__ = .

.vectors        0x0000000008000000      0x1c0
 *(.vectors)
 .vectors       0x0000000008000000      0x1c0 /tmp/ccJ8GRf9.ltrans4.ltrans.o
                0x0000000008000000                _vectors

.xtors          0x00000000080001c0        0x0
                0x00000000080001c0                __init_array_start = .
 *(SORT(.init_array.*))
 *(.init_array)
                0x00000000080001c0                __init_array_end = .
                0x00000000080001c0                __fini_array_start = .
 *(.fini_array)
 *(SORT(.fini_array.*))
                0x00000000080001c0                __fini_array_end = .

.text           0x00000000080001c0     0x49b4
 *(.text)
 .text          0x00000000080001c0      0x11c build/obj/crt0_v7m.o
                0x00000000080001c0                Reset_Handler
 .text          0x00000000080002dc       0x3c build/obj/chcoreasm_v7m.o
                0x00000000080002dc                _port_switch
                0x00000000080002f4                _port_thread_start
                0x0000000008000308                _port_switch_from_isr
                0x0000000008000314                _port_exit_from_isr
 .text          0x0000000008000318      0x134 /usr/bin/../lib/gcc/arm-none-eabi/4.9.3/../../../../arm-none-eabi/lib/armv7e-m/fpu/libg.a(lib_a-memcpy.o)
                0x0000000008000318                memcpy
 *(.text.*)
 *fill*         0x000000000800044c        0x4 
 .text.startup.main
                0x0000000008000450      0xda8 /tmp/ccJ8GRf9.ltrans0.ltrans.o
                0x0000000008000450                main
 *fill*         0x00000000080011f8        0x8 
 .text.sduInterruptTransmitted
                0x0000000008001200        0x4 /tmp/ccJ8GRf9.ltrans1.ltrans.o
                0x0000000008001200                sduInterruptTransmitted
 *fill*         0x0000000008001204        0xc 
 .text.sduRequestsHook
                0x0000000008001210       0x40 /tmp/ccJ8GRf9.ltrans1.ltrans.o
                0x0000000008001210                sduRequestsHook
 .text.SVC_Handler
                0x0000000008001250       0x20 /tmp/ccJ8GRf9.ltrans1.ltrans.o
                0x0000000008001250                SVC_Handler
 .text.obqPostFullBufferS
                0x0000000008001270       0x50 /tmp/ccJ8GRf9.ltrans1.ltrans.o
 .text.ibqReleaseEmptyBufferS
                0x00000000080012c0       0x40 /tmp/ccJ8GRf9.ltrans1.ltrans.o
 .text.obqGetEmptyBufferTimeoutS
                0x0000000008001300       0x64 /tmp/ccJ8GRf9.ltrans1.ltrans.o
 *fill*         0x0000000008001364        0xc 
 .text.ibqGetFullBufferTimeoutS
                0x0000000008001370       0x64 /tmp/ccJ8GRf9.ltrans1.ltrans.o
 *fill*         0x00000000080013d4        0xc 
 .text.usbInitEndpointI
                0x00000000080013e0      0x1ac /tmp/ccJ8GRf9.ltrans1.ltrans.o
                0x00000000080013e0                usbInitEndpointI
 *fill*         0x000000000800158c        0x4 
 .text.sdu_start_receive.lto_priv.78
                0x0000000008001590       0x50 /tmp/ccJ8GRf9.ltrans1.ltrans.o
                0x0000000008001590                sdu_start_receive.lto_priv.78
 .text.ibnotify.lto_priv.62
                0x00000000080015e0        0x8 /tmp/ccJ8GRf9.ltrans1.ltrans.o
                0x00000000080015e0                ibnotify.lto_priv.62
 *fill*         0x00000000080015e8        0x8 
 .text.obqGetFullBufferI
                0x00000000080015f0       0x28 /tmp/ccJ8GRf9.ltrans1.ltrans.o
                0x00000000080015f0                obqGetFullBufferI
 *fill*         0x0000000008001618        0x8 
 .text.obnotify.lto_priv.63
                0x0000000008001620       0x48 /tmp/ccJ8GRf9.ltrans1.ltrans.o
                0x0000000008001620                obnotify.lto_priv.63
 *fill*         0x0000000008001668        0x8 
 .text.stSetAlarm
                0x0000000008001670       0x1c /tmp/ccJ8GRf9.ltrans1.ltrans.o
                0x0000000008001670                stSetAlarm
 *fill*         0x000000000800168c        0x4 
 .text._port_irq_epilogue
                0x0000000008001690       0x64 /tmp/ccJ8GRf9.ltrans1.ltrans.o
                0x0000000008001690                _port_irq_epilogue
 *fill*         0x00000000080016f4        0xc 
 .text.chEvtBroadcastFlagsI
                0x0000000008001700       0x94 /tmp/ccJ8GRf9.ltrans1.ltrans.o
                0x0000000008001700                chEvtBroadcastFlagsI
 *fill*         0x0000000008001794        0xc 
 .text.sduDataReceived
                0x00000000080017a0       0xac /tmp/ccJ8GRf9.ltrans1.ltrans.o
                0x00000000080017a0                sduDataReceived
 *fill*         0x000000000800184c        0x4 
 .text.sduDataTransmitted
                0x0000000008001850       0xdc /tmp/ccJ8GRf9.ltrans1.ltrans.o
                0x0000000008001850                sduDataTransmitted
 *fill*         0x000000000800192c        0x4 
 .text.obqWriteTimeout
                0x0000000008001930      0x158 /tmp/ccJ8GRf9.ltrans1.ltrans.o
 *fill*         0x0000000008001a88        0x8 
 .text._writet.lto_priv.75
                0x0000000008001a90        0x8 /tmp/ccJ8GRf9.ltrans1.ltrans.o
                0x0000000008001a90                _writet.lto_priv.75
 *fill*         0x0000000008001a98        0x8 
 .text._write.lto_priv.69
                0x0000000008001aa0        0xc /tmp/ccJ8GRf9.ltrans1.ltrans.o
                0x0000000008001aa0                _write.lto_priv.69
 *fill*         0x0000000008001aac        0x4 
 .text.obqPutTimeout
                0x0000000008001ab0       0x90 /tmp/ccJ8GRf9.ltrans1.ltrans.o
 .text._putt.lto_priv.73
                0x0000000008001b40        0x8 /tmp/ccJ8GRf9.ltrans1.ltrans.o
                0x0000000008001b40                _putt.lto_priv.73
 *fill*         0x0000000008001b48        0x8 
 .text._put.lto_priv.71
                0x0000000008001b50        0xc /tmp/ccJ8GRf9.ltrans1.ltrans.o
                0x0000000008001b50                _put.lto_priv.71
 *fill*         0x0000000008001b5c        0x4 
 .text.ibqReadTimeout
                0x0000000008001b60      0x144 /tmp/ccJ8GRf9.ltrans1.ltrans.o
 *fill*         0x0000000008001ca4        0xc 
 .text._readt.lto_priv.76
                0x0000000008001cb0        0x8 /tmp/ccJ8GRf9.ltrans1.ltrans.o
                0x0000000008001cb0                _readt.lto_priv.76
 *fill*         0x0000000008001cb8        0x8 
 .text._read.lto_priv.70
                0x0000000008001cc0        0xc /tmp/ccJ8GRf9.ltrans1.ltrans.o
                0x0000000008001cc0                _read.lto_priv.70
 *fill*         0x0000000008001ccc        0x4 
 .text.ibqGetTimeout
                0x0000000008001cd0       0x8c /tmp/ccJ8GRf9.ltrans1.ltrans.o
 *fill*         0x0000000008001d5c        0x4 
 .text._gett.lto_priv.74
                0x0000000008001d60        0x8 /tmp/ccJ8GRf9.ltrans1.ltrans.o
                0x0000000008001d60                _gett.lto_priv.74
 *fill*         0x0000000008001d68        0x8 
 .text._get.lto_priv.72
                0x0000000008001d70        0xc /tmp/ccJ8GRf9.ltrans1.ltrans.o
                0x0000000008001d70                _get.lto_priv.72
 *fill*         0x0000000008001d7c        0x4 
 .text.chCoreAllocAligned
                0x0000000008001d80       0x84 /tmp/ccJ8GRf9.ltrans1.ltrans.o
                0x0000000008001d80                chCoreAllocAligned
 *fill*         0x0000000008001e04        0xc 
 .text.Vector158
                0x0000000008001e10       0x44 /tmp/ccJ8GRf9.ltrans2.ltrans.o
                0x0000000008001e10                Vector158
 *fill*         0x0000000008001e54        0xc 
 .text.Vector154
                0x0000000008001e60       0x44 /tmp/ccJ8GRf9.ltrans2.ltrans.o
                0x0000000008001e60                Vector154
 *fill*         0x0000000008001ea4        0xc 
 .text.Vector150
                0x0000000008001eb0       0x44 /tmp/ccJ8GRf9.ltrans2.ltrans.o
                0x0000000008001eb0                Vector150
 *fill*         0x0000000008001ef4        0xc 
 .text.Vector130
                0x0000000008001f00       0x40 /tmp/ccJ8GRf9.ltrans2.ltrans.o
                0x0000000008001f00                Vector130
 .text.Vector12C
                0x0000000008001f40       0x44 /tmp/ccJ8GRf9.ltrans2.ltrans.o
                0x0000000008001f40                Vector12C
 *fill*         0x0000000008001f84        0xc 
 .text.Vector128
                0x0000000008001f90       0x44 /tmp/ccJ8GRf9.ltrans2.ltrans.o
                0x0000000008001f90                Vector128
 *fill*         0x0000000008001fd4        0xc 
 .text.Vector124
                0x0000000008001fe0       0x44 /tmp/ccJ8GRf9.ltrans2.ltrans.o
                0x0000000008001fe0                Vector124
 *fill*         0x0000000008002024        0xc 
 .text.Vector120
                0x0000000008002030       0x40 /tmp/ccJ8GRf9.ltrans2.ltrans.o
                0x0000000008002030                Vector120
 .text.VectorFC
                0x0000000008002070       0x44 /tmp/ccJ8GRf9.ltrans2.ltrans.o
                0x0000000008002070                VectorFC
 *fill*         0x00000000080020b4        0xc 
 .text.Vector84
                0x00000000080020c0       0x44 /tmp/ccJ8GRf9.ltrans2.ltrans.o
                0x00000000080020c0                Vector84
 *fill*         0x0000000008002104        0xc 
 .text.Vector80
                0x0000000008002110       0x44 /tmp/ccJ8GRf9.ltrans2.ltrans.o
                0x0000000008002110                Vector80
 *fill*         0x0000000008002154        0xc 
 .text.Vector7C
                0x0000000008002160       0x40 /tmp/ccJ8GRf9.ltrans2.ltrans.o
                0x0000000008002160                Vector7C
 .text.Vector78
                0x00000000080021a0       0x44 /tmp/ccJ8GRf9.ltrans2.ltrans.o
                0x00000000080021a0                Vector78
 *fill*         0x00000000080021e4        0xc 
 .text.Vector74
                0x00000000080021f0       0x44 /tmp/ccJ8GRf9.ltrans2.ltrans.o
                0x00000000080021f0                Vector74
 *fill*         0x0000000008002234        0xc 
 .text.Vector70
                0x0000000008002240       0x44 /tmp/ccJ8GRf9.ltrans2.ltrans.o
                0x0000000008002240                Vector70
 *fill*         0x0000000008002284        0xc 
 .text.Vector6C
                0x0000000008002290       0x40 /tmp/ccJ8GRf9.ltrans2.ltrans.o
                0x0000000008002290                Vector6C
 .text.VectorBC
                0x00000000080022d0      0x114 /tmp/ccJ8GRf9.ltrans2.ltrans.o
                0x00000000080022d0                VectorBC
 *fill*         0x00000000080023e4        0xc 
 .text.i2c_lld_serve_tx_end_irq.lto_priv.58
                0x00000000080023f0       0x3c /tmp/ccJ8GRf9.ltrans2.ltrans.o
                0x00000000080023f0                i2c_lld_serve_tx_end_irq.lto_priv.58
 *fill*         0x000000000800242c        0x4 
 .text.i2c_lld_serve_rx_end_irq.lto_priv.57
                0x0000000008002430       0x6c /tmp/ccJ8GRf9.ltrans2.ltrans.o
                0x0000000008002430                i2c_lld_serve_rx_end_irq.lto_priv.57
 *fill*         0x000000000800249c        0x4 
 .text.usbStartTransmitI
                0x00000000080024a0       0x50 /tmp/ccJ8GRf9.ltrans2.ltrans.o
                0x00000000080024a0                usbStartTransmitI
 .text._usb_ep0out
                0x00000000080024f0       0x90 /tmp/ccJ8GRf9.ltrans2.ltrans.o
                0x00000000080024f0                _usb_ep0out
 .text.usbStartReceiveI
                0x0000000008002580       0x50 /tmp/ccJ8GRf9.ltrans2.ltrans.o
                0x0000000008002580                usbStartReceiveI
 .text._usb_ep0in
                0x00000000080025d0       0xcc /tmp/ccJ8GRf9.ltrans2.ltrans.o
                0x00000000080025d0                _usb_ep0in
 *fill*         0x000000000800269c        0x4 
 .text._usb_ep0setup
                0x00000000080026a0      0x3f4 /tmp/ccJ8GRf9.ltrans2.ltrans.o
                0x00000000080026a0                _usb_ep0setup
 *fill*         0x0000000008002a94        0xc 
 .text.trace_next
                0x0000000008002aa0       0x38 /tmp/ccJ8GRf9.ltrans3.ltrans.o
 *fill*         0x0000000008002ad8        0x8 
 .text._idle_thread.lto_priv.77
                0x0000000008002ae0        0x4 /tmp/ccJ8GRf9.ltrans3.ltrans.o
                0x0000000008002ae0                _idle_thread.lto_priv.77
 *fill*         0x0000000008002ae4        0xc 
 .text.chTMStopMeasurementX
                0x0000000008002af0       0x48 /tmp/ccJ8GRf9.ltrans3.ltrans.o
                0x0000000008002af0                chTMStopMeasurementX
 *fill*         0x0000000008002b38        0x8 
 .text._trace_isr_leave
                0x0000000008002b40       0x34 /tmp/ccJ8GRf9.ltrans3.ltrans.o
                0x0000000008002b40                _trace_isr_leave
 *fill*         0x0000000008002b74        0xc 
 .text._trace_isr_enter
                0x0000000008002b80       0x34 /tmp/ccJ8GRf9.ltrans3.ltrans.o
                0x0000000008002b80                _trace_isr_enter
 *fill*         0x0000000008002bb4        0xc 
 .text._trace_switch
                0x0000000008002bc0       0x38 /tmp/ccJ8GRf9.ltrans3.ltrans.o
                0x0000000008002bc0                _trace_switch
 *fill*         0x0000000008002bf8        0x8 
 .text.chSysPolledDelayX
                0x0000000008002c00       0x14 /tmp/ccJ8GRf9.ltrans3.ltrans.o
                0x0000000008002c00                chSysPolledDelayX
 *fill*         0x0000000008002c14        0xc 
 .text.chSysHalt
                0x0000000008002c20       0x34 /tmp/ccJ8GRf9.ltrans3.ltrans.o
                0x0000000008002c20                chSysHalt
 *fill*         0x0000000008002c54        0xc 
 .text.chDbgCheckClassS
                0x0000000008002c60       0x20 /tmp/ccJ8GRf9.ltrans3.ltrans.o
                0x0000000008002c60                chDbgCheckClassS
 .text.chSchGoSleepS
                0x0000000008002c80       0x50 /tmp/ccJ8GRf9.ltrans3.ltrans.o
                0x0000000008002c80                chSchGoSleepS
 .text.chDbgCheckClassI
                0x0000000008002cd0       0x20 /tmp/ccJ8GRf9.ltrans3.ltrans.o
                0x0000000008002cd0                chDbgCheckClassI
 .text.chThdCreateSuspendedI
                0x0000000008002cf0       0xbc /tmp/ccJ8GRf9.ltrans3.ltrans.o
                0x0000000008002cf0                chThdCreateSuspendedI
 *fill*         0x0000000008002dac        0x4 
 .text.chSchGoSleepTimeoutS
                0x0000000008002db0      0x15c /tmp/ccJ8GRf9.ltrans3.ltrans.o
                0x0000000008002db0                chSchGoSleepTimeoutS
 *fill*         0x0000000008002f0c        0x4 
 .text.chSchReadyAheadI
                0x0000000008002f10       0x44 /tmp/ccJ8GRf9.ltrans3.ltrans.o
 *fill*         0x0000000008002f54        0xc 
 .text.chSchDoReschedule
                0x0000000008002f60       0x4c /tmp/ccJ8GRf9.ltrans3.ltrans.o
                0x0000000008002f60                chSchDoReschedule
 *fill*         0x0000000008002fac        0x4 
 .text.chSchRescheduleS
                0x0000000008002fb0       0x5c /tmp/ccJ8GRf9.ltrans3.ltrans.o
                0x0000000008002fb0                chSchRescheduleS
 *fill*         0x000000000800300c        0x4 
 .text.chSchReadyI
                0x0000000008003010       0x44 /tmp/ccJ8GRf9.ltrans3.ltrans.o
                0x0000000008003010                chSchReadyI
 *fill*         0x0000000008003054        0xc 
 .text.chThdResumeI
                0x0000000008003060       0x2c /tmp/ccJ8GRf9.ltrans3.ltrans.o
                0x0000000008003060                chThdResumeI
 *fill*         0x000000000800308c        0x4 
 .text._dbg_check_leave_isr
                0x0000000008003090       0x2c /tmp/ccJ8GRf9.ltrans3.ltrans.o
                0x0000000008003090                _dbg_check_leave_isr
 *fill*         0x00000000080030bc        0x4 
 .text._dbg_check_enter_isr
                0x00000000080030c0       0x2c /tmp/ccJ8GRf9.ltrans3.ltrans.o
                0x00000000080030c0                _dbg_check_enter_isr
 *fill*         0x00000000080030ec        0x4 
 .text._dbg_check_unlock_from_isr
                0x00000000080030f0       0x24 /tmp/ccJ8GRf9.ltrans3.ltrans.o
                0x00000000080030f0                _dbg_check_unlock_from_isr
 *fill*         0x0000000008003114        0xc 
 .text._dbg_check_lock_from_isr
                0x0000000008003120       0x24 /tmp/ccJ8GRf9.ltrans3.ltrans.o
                0x0000000008003120                _dbg_check_lock_from_isr
 *fill*         0x0000000008003144        0xc 
 .text.wakeup   0x0000000008003150       0x64 /tmp/ccJ8GRf9.ltrans3.ltrans.o
 *fill*         0x00000000080031b4        0xc 
 .text._dbg_check_unlock
                0x00000000080031c0       0x20 /tmp/ccJ8GRf9.ltrans3.ltrans.o
                0x00000000080031c0                _dbg_check_unlock
 .text.chSysUnlock.lto_priv.59
                0x00000000080031e0       0x30 /tmp/ccJ8GRf9.ltrans3.ltrans.o
                0x00000000080031e0                chSysUnlock.lto_priv.59
 .text._dbg_check_lock
                0x0000000008003210       0x20 /tmp/ccJ8GRf9.ltrans3.ltrans.o
                0x0000000008003210                _dbg_check_lock
 .text.chMtxUnlock
                0x0000000008003230       0xb4 /tmp/ccJ8GRf9.ltrans3.ltrans.o
                0x0000000008003230                chMtxUnlock
 *fill*         0x00000000080032e4        0xc 
 .text.chMtxLock
                0x00000000080032f0      0x124 /tmp/ccJ8GRf9.ltrans3.ltrans.o
                0x00000000080032f0                chMtxLock
 *fill*         0x0000000008003414        0xc 
 .text.chRegFindThreadByWorkingArea
                0x0000000008003420      0x248 /tmp/ccJ8GRf9.ltrans3.ltrans.o
                0x0000000008003420                chRegFindThreadByWorkingArea
 *fill*         0x0000000008003668        0x8 
 .text.chThdSleep
                0x0000000008003670       0x50 /tmp/ccJ8GRf9.ltrans3.ltrans.o
                0x0000000008003670                chThdSleep
 .text.chThdExit
                0x00000000080036c0       0x58 /tmp/ccJ8GRf9.ltrans3.ltrans.o
                0x00000000080036c0                chThdExit
 *fill*         0x0000000008003718        0x8 
 .text._unhandled_exception
                0x0000000008003720        0x4 /tmp/ccJ8GRf9.ltrans3.ltrans.o
                0x0000000008003720                Vector58
                0x0000000008003720                VectorE8
                0x0000000008003720                Vector9C
                0x0000000008003720                VectorAC
                0x0000000008003720                DebugMon_Handler
                0x0000000008003720                Vector1A0
                0x0000000008003720                Vector5C
                0x0000000008003720                Vector11C
                0x0000000008003720                HardFault_Handler
                0x0000000008003720                Vector1B8
                0x0000000008003720                Vector19C
                0x0000000008003720                Vector8C
                0x0000000008003720                SysTick_Handler
                0x0000000008003720                VectorDC
                0x0000000008003720                PendSV_Handler
                0x0000000008003720                Vector168
                0x0000000008003720                NMI_Handler
                0x0000000008003720                Vector110
                0x0000000008003720                VectorC8
                0x0000000008003720                Vector94
                0x0000000008003720                VectorA8
                0x0000000008003720                VectorB4
                0x0000000008003720                Vector160
                0x0000000008003720                Vector1B0
                0x0000000008003720                UsageFault_Handler
                0x0000000008003720                VectorEC
                0x0000000008003720                Vector40
                0x0000000008003720                VectorF8
                0x0000000008003720                Vector108
                0x0000000008003720                Vector190
                0x0000000008003720                Vector148
                0x0000000008003720                Vector188
                0x0000000008003720                Vector198
                0x0000000008003720                Vector118
                0x0000000008003720                Vector64
                0x0000000008003720                VectorCC
                0x0000000008003720                Vector54
                0x0000000008003720                Vector98
                0x0000000008003720                VectorD8
                0x0000000008003720                Vector138
                0x0000000008003720                Vector24
                0x0000000008003720                Vector1AC
                0x0000000008003720                Vector178
                0x0000000008003720                Vector1A4
                0x0000000008003720                VectorD0
                0x0000000008003720                Vector1B4
                0x0000000008003720                Vector140
                0x0000000008003720                VectorE4
                0x0000000008003720                Vector134
                0x0000000008003720                VectorF0
                0x0000000008003720                Vector13C
                0x0000000008003720                Vector100
                0x0000000008003720                VectorE0
                0x0000000008003720                VectorF4
                0x0000000008003720                MemManage_Handler
                0x0000000008003720                VectorA0
                0x0000000008003720                VectorC4
                0x0000000008003720                Vector180
                0x0000000008003720                Vector90
                0x0000000008003720                Vector114
                0x0000000008003720                Vector164
                0x0000000008003720                Vector60
                0x0000000008003720                Vector1C
                0x0000000008003720                Vector1BC
                0x0000000008003720                Vector17C
                0x0000000008003720                Vector48
                0x0000000008003720                Vector1A8
                0x0000000008003720                Vector16C
                0x0000000008003720                VectorD4
                0x0000000008003720                Vector4C
                0x0000000008003720                Vector144
                0x0000000008003720                Vector15C
                0x0000000008003720                Vector68
                0x0000000008003720                Vector170
                0x0000000008003720                Vector88
                0x0000000008003720                Vector104
                0x0000000008003720                Vector184
                0x0000000008003720                Vector10C
                0x0000000008003720                BusFault_Handler
                0x0000000008003720                Vector50
                0x0000000008003720                Vector194
                0x0000000008003720                Vector44
                0x0000000008003720                Vector28
                0x0000000008003720                VectorB8
                0x0000000008003720                Vector34
                0x0000000008003720                VectorA4
                0x0000000008003720                Vector20
                0x0000000008003720                Vector18C
                0x0000000008003720                Vector174
 *fill*         0x0000000008003724        0xc 
 .text.__init_ram_areas
                0x0000000008003730       0x4c /tmp/ccJ8GRf9.ltrans3.ltrans.o
                0x0000000008003730                __init_ram_areas
 *fill*         0x000000000800377c        0x4 
 .text.__default_exit
                0x0000000008003780        0x4 /tmp/ccJ8GRf9.ltrans3.ltrans.o
                0x0000000008003780                __default_exit
 *fill*         0x0000000008003784        0xc 
 .text.__late_init
                0x0000000008003790        0x4 /tmp/ccJ8GRf9.ltrans3.ltrans.o
                0x0000000008003790                __late_init
 *fill*         0x0000000008003794        0xc 
 .text.__core_init
                0x00000000080037a0        0x4 /tmp/ccJ8GRf9.ltrans3.ltrans.o
                0x00000000080037a0                __core_init
 *fill*         0x00000000080037a4        0xc 
 .text.get_descriptor.lto_priv.67
                0x00000000080037b0       0x30 /tmp/ccJ8GRf9.ltrans4.ltrans.o
                0x00000000080037b0                get_descriptor.lto_priv.67
 .text.blinker_thread.lto_priv.56
                0x00000000080037e0       0x50 /tmp/ccJ8GRf9.ltrans4.ltrans.o
                0x00000000080037e0                blinker_thread.lto_priv.56
 .text.sof_handler.lto_priv.68
                0x0000000008003830       0xa8 /tmp/ccJ8GRf9.ltrans4.ltrans.o
                0x0000000008003830                sof_handler.lto_priv.68
 *fill*         0x00000000080038d8        0x8 
 .text.usb_event.lto_priv.66
                0x00000000080038e0       0xf8 /tmp/ccJ8GRf9.ltrans4.ltrans.o
                0x00000000080038e0                usb_event.lto_priv.66
 *fill*         0x00000000080039d8        0x8 
 .text.VectorB0
                0x00000000080039e0       0xd4 /tmp/ccJ8GRf9.ltrans4.ltrans.o
 *fill*         0x0000000008003ab4        0xc 
 .text.VectorC0
                0x0000000008003ac0       0xf8 /tmp/ccJ8GRf9.ltrans4.ltrans.o
 *fill*         0x0000000008003bb8        0x8 
 .text.Vector14C
                0x0000000008003bc0      0x3b8 /tmp/ccJ8GRf9.ltrans4.ltrans.o
 *fill*         0x0000000008003f78        0x8 
 .text.__early_init
                0x0000000008003f80       0xf8 /tmp/ccJ8GRf9.ltrans4.ltrans.o
                0x0000000008003f80                __early_init
 *fill*         0x0000000008004078        0x8 
 .text.usb_lld_start_in
                0x0000000008004080       0xac /tmp/ccJ8GRf9.ltrans4.ltrans.o
                0x0000000008004080                usb_lld_start_in
 *fill*         0x000000000800412c        0x4 
 .text.usb_lld_start_out
                0x0000000008004130       0x84 /tmp/ccJ8GRf9.ltrans4.ltrans.o
                0x0000000008004130                usb_lld_start_out
 *fill*         0x00000000080041b4        0xc 
 .text.usb_lld_pump
                0x00000000080041c0      0x270 /tmp/ccJ8GRf9.ltrans4.ltrans.o
                0x00000000080041c0                usb_lld_pump
 .text.chSchWakeupS.constprop.51
                0x0000000008004430       0x78 /tmp/ccJ8GRf9.ltrans5.ltrans.o
                0x0000000008004430                chSchWakeupS.constprop.51
 *fill*         0x00000000080044a8        0x8 
 .text.chTMStartMeasurementX.constprop.48
                0x00000000080044b0        0xc /tmp/ccJ8GRf9.ltrans5.ltrans.o
                0x00000000080044b0                chTMStartMeasurementX.constprop.48
 *fill*         0x00000000080044bc        0x4 
 .text.chThdDequeueAllI.constprop.42
                0x00000000080044c0       0x48 /tmp/ccJ8GRf9.ltrans5.ltrans.o
                0x00000000080044c0                chThdDequeueAllI.constprop.42
 *fill*         0x0000000008004508        0x8 
 .text.dmaStreamAllocate.constprop.31
                0x0000000008004510       0xc0 /tmp/ccJ8GRf9.ltrans5.ltrans.o
                0x0000000008004510                dmaStreamAllocate.constprop.31
 .text._pal_lld_setgroupmode.constprop.12
                0x00000000080045d0       0x90 /tmp/ccJ8GRf9.ltrans5.ltrans.o
                0x00000000080045d0                _pal_lld_setgroupmode.constprop.12
 .text.otg_epout_handler.constprop.7
                0x0000000008004660       0xc4 /tmp/ccJ8GRf9.ltrans5.ltrans.o
                0x0000000008004660                otg_epout_handler.constprop.7
 *fill*         0x0000000008004724        0xc 
 .text.otg_epin_handler.constprop.6
                0x0000000008004730       0xc4 /tmp/ccJ8GRf9.ltrans5.ltrans.o
                0x0000000008004730                otg_epin_handler.constprop.6
 *fill*         0x00000000080047f4        0xc 
 .text.buffer_append_int16
                0x0000000008004800       0x18 /tmp/ccJ8GRf9.ltrans5.ltrans.o
                0x0000000008004800                buffer_append_int16
 *fill*         0x0000000008004818        0x8 
 .text.i2cMasterTransmitTimeout.constprop.27
                0x0000000008004820      0x168 /tmp/ccJ8GRf9.ltrans5.ltrans.o
 *fill*         0x0000000008004988        0x8 
 .text.I2CdevwriteBytes.constprop.4
                0x0000000008004990       0x4c /tmp/ccJ8GRf9.ltrans5.ltrans.o
 *fill*         0x00000000080049dc        0x4 
 .text.I2CdevreadBytes.constprop.3
                0x00000000080049e0       0x50 /tmp/ccJ8GRf9.ltrans5.ltrans.o
                0x00000000080049e0                I2CdevreadBytes.constprop.3
 .text.I2CdevwriteBits
                0x0000000008004a30       0x60 /tmp/ccJ8GRf9.ltrans5.ltrans.o
                0x0000000008004a30                I2CdevwriteBits
 .text.I2CdevwriteBit
                0x0000000008004a90       0x48 /tmp/ccJ8GRf9.ltrans5.ltrans.o
                0x0000000008004a90                I2CdevwriteBit
 .text.memset   0x0000000008004ad8       0x9c /usr/bin/../lib/gcc/arm-none-eabi/4.9.3/../../../../arm-none-eabi/lib/armv7e-m/fpu/libg.a(lib_a-memset.o)
                0x0000000008004ad8                memset
 *(.glue_7t)
 .glue_7t       0x0000000000000000        0x0 linker stubs
 *(.glue_7)
 .glue_7        0x0000000000000000        0x0 linker stubs
 *(.gcc*)

.vfp11_veneer   0x0000000008004b74        0x0
 .vfp11_veneer  0x0000000000000000        0x0 linker stubs

.v4_bx          0x0000000008004b74        0x0
 .v4_bx         0x0000000000000000        0x0 linker stubs

.iplt           0x0000000008004b74        0x0
 .iplt          0x0000000000000000        0x0 build/obj/crt0_v7m.o

.rodata         0x0000000008004b74      0x880
                0x0000000008004b74                . = ALIGN (0x4)
                0x0000000008004b74                __rodata_base__ = .
 *(.rodata)
 *(.rodata.*)
 .rodata.__func__.7864
                0x0000000008004b74        0xe /tmp/ccJ8GRf9.ltrans0.ltrans.o
 *fill*         0x0000000008004b82        0x2 
 .rodata.i2cfg1
                0x0000000008004b84        0xc /tmp/ccJ8GRf9.ltrans0.ltrans.o
 .rodata.idle_descriptor.6704
                0x0000000008004b90       0x18 /tmp/ccJ8GRf9.ltrans0.ltrans.o
 .rodata.vmt    0x0000000008004ba8       0x20 /tmp/ccJ8GRf9.ltrans0.ltrans.o
 .rodata.__func__.8147
                0x0000000008004bc8        0x9 /tmp/ccJ8GRf9.ltrans0.ltrans.o
 *fill*         0x0000000008004bd1        0x3 
 .rodata.__func__.6299
                0x0000000008004bd4        0xc /tmp/ccJ8GRf9.ltrans0.ltrans.o
 .rodata.serusbcfg
                0x0000000008004be0        0x8 /tmp/ccJ8GRf9.ltrans0.ltrans.o
                0x0000000008004be0                serusbcfg
 .rodata._stm32_dma_streams
                0x0000000008004be8       0xc0 /tmp/ccJ8GRf9.ltrans0.ltrans.o
 .rodata.usbcfg
                0x0000000008004ca8       0x10 /tmp/ccJ8GRf9.ltrans0.ltrans.o
 .rodata.ch_debug
                0x0000000008004cb8       0x16 /tmp/ccJ8GRf9.ltrans0.ltrans.o
 *fill*         0x0000000008004cce        0x2 
 .rodata.str1.4
                0x0000000008004cd0       0x21 /tmp/ccJ8GRf9.ltrans0.ltrans.o
 *fill*         0x0000000008004cf1        0x3 
 .rodata.fsparams
                0x0000000008004cf4        0xc /tmp/ccJ8GRf9.ltrans0.ltrans.o
 .rodata.__func__.6724
                0x0000000008004d00        0xc /tmp/ccJ8GRf9.ltrans0.ltrans.o
 .rodata.__func__.6733
                0x0000000008004d0c       0x12 /tmp/ccJ8GRf9.ltrans0.ltrans.o
 *fill*         0x0000000008004d1e        0x2 
 .rodata.__func__.7788
                0x0000000008004d20        0x9 /tmp/ccJ8GRf9.ltrans0.ltrans.o
 *fill*         0x0000000008004d29        0x3 
 .rodata.__func__.5985
                0x0000000008004d2c        0xc /tmp/ccJ8GRf9.ltrans0.ltrans.o
 .rodata.__func__.7797
                0x0000000008004d38       0x12 /tmp/ccJ8GRf9.ltrans0.ltrans.o
 *fill*         0x0000000008004d4a        0x2 
 .rodata.__func__.7843
                0x0000000008004d4c        0x9 /tmp/ccJ8GRf9.ltrans0.ltrans.o
 *fill*         0x0000000008004d55        0x3 
 .rodata.__func__.8147
                0x0000000008004d58        0xf /tmp/ccJ8GRf9.ltrans1.ltrans.o
 *fill*         0x0000000008004d67        0x1 
 .rodata.__func__.8210
                0x0000000008004d68       0x10 /tmp/ccJ8GRf9.ltrans1.ltrans.o
 .rodata.__func__.6708
                0x0000000008004d78       0x14 /tmp/ccJ8GRf9.ltrans1.ltrans.o
 .rodata.__func__.8164
                0x0000000008004d8c       0x11 /tmp/ccJ8GRf9.ltrans1.ltrans.o
 *fill*         0x0000000008004d9d        0x3 
 .rodata.__func__.6722
                0x0000000008004da0       0x15 /tmp/ccJ8GRf9.ltrans1.ltrans.o
 *fill*         0x0000000008004db5        0x3 
 .rodata.__func__.8172
                0x0000000008004db8       0x17 /tmp/ccJ8GRf9.ltrans1.ltrans.o
 *fill*         0x0000000008004dcf        0x1 
 .rodata.__func__.8112
                0x0000000008004dd0       0x13 /tmp/ccJ8GRf9.ltrans1.ltrans.o
 *fill*         0x0000000008004de3        0x1 
 .rodata.__func__.7791
                0x0000000008004de4        0xb /tmp/ccJ8GRf9.ltrans1.ltrans.o
 *fill*         0x0000000008004def        0x1 
 .rodata.__func__.6299
                0x0000000008004df0        0xc /tmp/ccJ8GRf9.ltrans1.ltrans.o
 .rodata.__func__.8186
                0x0000000008004dfc       0x1a /tmp/ccJ8GRf9.ltrans1.ltrans.o
 *fill*         0x0000000008004e16        0x2 
 .rodata.__func__.8126
                0x0000000008004e18       0x19 /tmp/ccJ8GRf9.ltrans1.ltrans.o
 *fill*         0x0000000008004e31        0x3 
 .rodata.__func__.6739
                0x0000000008004e34        0xd /tmp/ccJ8GRf9.ltrans1.ltrans.o
 *fill*         0x0000000008004e41        0x3 
 .rodata.__func__.8133
                0x0000000008004e44       0x17 /tmp/ccJ8GRf9.ltrans1.ltrans.o
 *fill*         0x0000000008004e5b        0x1 
 .rodata.__func__.8195
                0x0000000008004e5c       0x13 /tmp/ccJ8GRf9.ltrans1.ltrans.o
 *fill*         0x0000000008004e6f        0x1 
 .rodata.__func__.5985
                0x0000000008004e70        0xc /tmp/ccJ8GRf9.ltrans1.ltrans.o
 .rodata.__func__.7859
                0x0000000008004e7c        0xa /tmp/ccJ8GRf9.ltrans2.ltrans.o
 *fill*         0x0000000008004e86        0x2 
 .rodata.__func__.7864
                0x0000000008004e88        0xa /tmp/ccJ8GRf9.ltrans2.ltrans.o
 *fill*         0x0000000008004e92        0x2 
 .rodata.__func__.7809
                0x0000000008004e94        0x9 /tmp/ccJ8GRf9.ltrans2.ltrans.o
 *fill*         0x0000000008004e9d        0x3 
 .rodata.zero_status
                0x0000000008004ea0        0x2 /tmp/ccJ8GRf9.ltrans2.ltrans.o
 *fill*         0x0000000008004ea2        0x2 
 .rodata.halted_status
                0x0000000008004ea4        0x2 /tmp/ccJ8GRf9.ltrans2.ltrans.o
 *fill*         0x0000000008004ea6        0x2 
 .rodata.__func__.7804
                0x0000000008004ea8        0x9 /tmp/ccJ8GRf9.ltrans2.ltrans.o
 *fill*         0x0000000008004eb1        0x3 
 .rodata.__func__.8188
                0x0000000008004eb4       0x12 /tmp/ccJ8GRf9.ltrans2.ltrans.o
 *fill*         0x0000000008004ec6        0x2 
 .rodata.str1.4
                0x0000000008004ec8        0xc /tmp/ccJ8GRf9.ltrans2.ltrans.o
 .rodata.__func__.8169
                0x0000000008004ed4       0x15 /tmp/ccJ8GRf9.ltrans2.ltrans.o
 *fill*         0x0000000008004ee9        0x3 
 .rodata.__func__.7814
                0x0000000008004eec        0x9 /tmp/ccJ8GRf9.ltrans2.ltrans.o
 *fill*         0x0000000008004ef5        0x3 
 .rodata.__func__.7799
                0x0000000008004ef8        0x9 /tmp/ccJ8GRf9.ltrans2.ltrans.o
 *fill*         0x0000000008004f01        0x3 
 .rodata.__func__.8180
                0x0000000008004f04       0x11 /tmp/ccJ8GRf9.ltrans2.ltrans.o
 *fill*         0x0000000008004f15        0x3 
 .rodata.__func__.7829
                0x0000000008004f18        0xa /tmp/ccJ8GRf9.ltrans2.ltrans.o
 *fill*         0x0000000008004f22        0x2 
 .rodata.__func__.7819
                0x0000000008004f24        0x9 /tmp/ccJ8GRf9.ltrans2.ltrans.o
 *fill*         0x0000000008004f2d        0x3 
 .rodata.__func__.7824
                0x0000000008004f30        0x9 /tmp/ccJ8GRf9.ltrans2.ltrans.o
 *fill*         0x0000000008004f39        0x3 
 .rodata.__func__.7834
                0x0000000008004f3c        0xa /tmp/ccJ8GRf9.ltrans2.ltrans.o
 *fill*         0x0000000008004f46        0x2 
 .rodata.__func__.8228
                0x0000000008004f48        0xb /tmp/ccJ8GRf9.ltrans2.ltrans.o
 *fill*         0x0000000008004f53        0x1 
 .rodata.__func__.7789
                0x0000000008004f54        0x9 /tmp/ccJ8GRf9.ltrans2.ltrans.o
 *fill*         0x0000000008004f5d        0x3 
 .rodata.__func__.7794
                0x0000000008004f60        0x9 /tmp/ccJ8GRf9.ltrans2.ltrans.o
 *fill*         0x0000000008004f69        0x3 
 .rodata.active_status
                0x0000000008004f6c        0x2 /tmp/ccJ8GRf9.ltrans2.ltrans.o
 *fill*         0x0000000008004f6e        0x2 
 .rodata.__func__.8242
                0x0000000008004f70        0xc /tmp/ccJ8GRf9.ltrans2.ltrans.o
 .rodata.__func__.7839
                0x0000000008004f7c        0xa /tmp/ccJ8GRf9.ltrans2.ltrans.o
 *fill*         0x0000000008004f86        0x2 
 .rodata.__func__.7844
                0x0000000008004f88        0xa /tmp/ccJ8GRf9.ltrans2.ltrans.o
 *fill*         0x0000000008004f92        0x2 
 .rodata.__func__.7850
                0x0000000008004f94        0x9 /tmp/ccJ8GRf9.ltrans2.ltrans.o
 *fill*         0x0000000008004f9d        0x3 
 .rodata.__func__.7849
                0x0000000008004fa0        0xa /tmp/ccJ8GRf9.ltrans2.ltrans.o
 *fill*         0x0000000008004faa        0x2 
 .rodata.__func__.7854
                0x0000000008004fac        0xa /tmp/ccJ8GRf9.ltrans2.ltrans.o
 *fill*         0x0000000008004fb6        0x2 
 .rodata.__func__.5985.lto_priv.89
                0x0000000008004fb8        0xc /tmp/ccJ8GRf9.ltrans3.ltrans.o
 .rodata.__func__.6711
                0x0000000008004fc4       0x16 /tmp/ccJ8GRf9.ltrans3.ltrans.o
 *fill*         0x0000000008004fda        0x2 
 .rodata.__func__.6709
                0x0000000008004fdc       0x11 /tmp/ccJ8GRf9.ltrans3.ltrans.o
 *fill*         0x0000000008004fed        0x3 
 .rodata.__func__.6723
                0x0000000008004ff0        0xc /tmp/ccJ8GRf9.ltrans3.ltrans.o
 .rodata.__func__.7784
                0x0000000008004ffc        0xd /tmp/ccJ8GRf9.ltrans3.ltrans.o
 *fill*         0x0000000008005009        0x3 
 .rodata.__func__.7017
                0x000000000800500c       0x10 /tmp/ccJ8GRf9.ltrans3.ltrans.o
 .rodata.__func__.6727
                0x000000000800501c        0xb /tmp/ccJ8GRf9.ltrans3.ltrans.o
 *fill*         0x0000000008005027        0x1 
 .rodata.__func__.6728
                0x0000000008005028        0xc /tmp/ccJ8GRf9.ltrans3.ltrans.o
 .rodata.__func__.6705.lto_priv.91
                0x0000000008005034        0xb /tmp/ccJ8GRf9.ltrans3.ltrans.o
 *fill*         0x000000000800503f        0x1 
 .rodata.str1.4
                0x0000000008005040       0x4d /tmp/ccJ8GRf9.ltrans3.ltrans.o
 *fill*         0x000000000800508d        0x3 
 .rodata.__func__.6207
                0x0000000008005090        0xc /tmp/ccJ8GRf9.ltrans3.ltrans.o
 .rodata.__func__.6299
                0x000000000800509c        0xc /tmp/ccJ8GRf9.ltrans3.ltrans.o
 .rodata.ram_areas
                0x00000000080050a8       0x80 /tmp/ccJ8GRf9.ltrans3.ltrans.o
 .rodata.__func__.5985.lto_priv.88
                0x0000000008005128        0xc /tmp/ccJ8GRf9.ltrans3.ltrans.o
 .rodata.__func__.6745
                0x0000000008005134        0xd /tmp/ccJ8GRf9.ltrans3.ltrans.o
 *fill*         0x0000000008005141        0x3 
 .rodata.__func__.6760
                0x0000000008005144        0xb /tmp/ccJ8GRf9.ltrans3.ltrans.o
 *fill*         0x000000000800514f        0x1 
 .rodata.__func__.6804
                0x0000000008005150        0xd /tmp/ccJ8GRf9.ltrans3.ltrans.o
 *fill*         0x000000000800515d        0x3 
 .rodata.__func__.5985.lto_priv.90
                0x0000000008005160        0xc /tmp/ccJ8GRf9.ltrans3.ltrans.o
 .rodata.__func__.6705.lto_priv.92
                0x000000000800516c        0xb /tmp/ccJ8GRf9.ltrans3.ltrans.o
 *fill*         0x0000000008005177        0x1 
 .rodata.__func__.6702
                0x0000000008005178        0xc /tmp/ccJ8GRf9.ltrans3.ltrans.o
 .rodata.vcom_configuration_descriptor_data
                0x0000000008005184       0x43 /tmp/ccJ8GRf9.ltrans4.ltrans.o
 *fill*         0x00000000080051c7        0x1 
 .rodata.vcom_string1
                0x00000000080051c8       0x26 /tmp/ccJ8GRf9.ltrans4.ltrans.o
 *fill*         0x00000000080051ee        0x2 
 .rodata.vcom_string2
                0x00000000080051f0       0x38 /tmp/ccJ8GRf9.ltrans4.ltrans.o
 .rodata.vcom_string3
                0x0000000008005228        0x8 /tmp/ccJ8GRf9.ltrans4.ltrans.o
 .rodata.vcom_string0
                0x0000000008005230        0x4 /tmp/ccJ8GRf9.ltrans4.ltrans.o
 .rodata.__func__.6792
                0x0000000008005234        0xe /tmp/ccJ8GRf9.ltrans4.ltrans.o
 *fill*         0x0000000008005242        0x2 
 .rodata.__func__.8147
                0x0000000008005244       0x1b /tmp/ccJ8GRf9.ltrans4.ltrans.o
 *fill*         0x000000000800525f        0x1 
 .rodata.__func__.6299
                0x0000000008005260        0xc /tmp/ccJ8GRf9.ltrans4.ltrans.o
 .rodata.vcom_device_descriptor
                0x000000000800526c        0x8 /tmp/ccJ8GRf9.ltrans4.ltrans.o
 .rodata.vcom_device_descriptor_data
                0x0000000008005274       0x12 /tmp/ccJ8GRf9.ltrans4.ltrans.o
 *fill*         0x0000000008005286        0x2 
 .rodata.vcom_configuration_descriptor
                0x0000000008005288        0x8 /tmp/ccJ8GRf9.ltrans4.ltrans.o
 .rodata.str1.4
                0x0000000008005290        0x8 /tmp/ccJ8GRf9.ltrans4.ltrans.o
 .rodata.__func__.7781
                0x0000000008005298        0x9 /tmp/ccJ8GRf9.ltrans4.ltrans.o
 *fill*         0x00000000080052a1        0x3 
 .rodata.__func__.8222
                0x00000000080052a4        0xa /tmp/ccJ8GRf9.ltrans4.ltrans.o
 *fill*         0x00000000080052ae        0x2 
 .rodata.ep0config
                0x00000000080052b0       0x24 /tmp/ccJ8GRf9.ltrans4.ltrans.o
 .rodata.vcom_strings
                0x00000000080052d4       0x20 /tmp/ccJ8GRf9.ltrans4.ltrans.o
 .rodata.__func__.8141.lto_priv.79
                0x00000000080052f4        0xe /tmp/ccJ8GRf9.ltrans4.ltrans.o
                0x00000000080052f4                __func__.8141.lto_priv.79
 *fill*         0x0000000008005302        0x2 
 .rodata.ep2config
                0x0000000008005304       0x24 /tmp/ccJ8GRf9.ltrans4.ltrans.o
 .rodata.__func__.6104
                0x0000000008005328        0xc /tmp/ccJ8GRf9.ltrans4.ltrans.o
 .rodata.ep1config
                0x0000000008005334       0x24 /tmp/ccJ8GRf9.ltrans4.ltrans.o
 .rodata.__func__.7870
                0x0000000008005358        0xc /tmp/ccJ8GRf9.ltrans4.ltrans.o
 .rodata.__func__.7855
                0x0000000008005364        0x9 /tmp/ccJ8GRf9.ltrans4.ltrans.o
 *fill*         0x000000000800536d        0x3 
 .rodata.__func__.5985.lto_priv.55
                0x0000000008005370        0xc /tmp/ccJ8GRf9.ltrans5.ltrans.o
 .rodata.__func__.7878
                0x000000000800537c       0x12 /tmp/ccJ8GRf9.ltrans5.ltrans.o
 *fill*         0x000000000800538e        0x2 
 .rodata.__func__.5985.lto_priv.54
                0x0000000008005390        0xc /tmp/ccJ8GRf9.ltrans5.ltrans.o
                0x0000000008005390                __func__.5985.lto_priv.54
 .rodata.str1.4
                0x0000000000000000        0xf /tmp/ccJ8GRf9.ltrans5.ltrans.o
 .rodata.__func__.6798
                0x000000000800539c       0x15 /tmp/ccJ8GRf9.ltrans5.ltrans.o
 *fill*         0x00000000080053b1        0x3 
 .rodata.__func__.6738
                0x00000000080053b4        0xd /tmp/ccJ8GRf9.ltrans5.ltrans.o
 *fill*         0x00000000080053c1        0x3 
 .rodata.__func__.6219.lto_priv.80
                0x00000000080053c4       0x14 /tmp/ccJ8GRf9.ltrans5.ltrans.o
                0x00000000080053c4                __func__.6219.lto_priv.80
 .rodata.__func__.7807
                0x00000000080053d8       0x19 /tmp/ccJ8GRf9.ltrans5.ltrans.o
                0x00000000080053f4                . = ALIGN (0x4)
 *fill*         0x00000000080053f1        0x3 
                0x00000000080053f4                __rodata_end__ = .

.rel.dyn        0x00000000080053f4        0x0
 .rel.iplt      0x0000000000000000        0x0 build/obj/crt0_v7m.o

.ARM.extab
 *(.ARM.extab* .gnu.linkonce.armextab.*)

.ARM.exidx      0x00000000080053f4        0x0
                0x00000000080053f4                __exidx_start = .
 *(.ARM.exidx* .gnu.linkonce.armexidx.*)
                0x00000000080053f4                __exidx_end = .

.eh_frame_hdr
 *(.eh_frame_hdr)

.eh_frame
 *(.eh_frame)
                0x0000000020000000                __ram0_start__ = ORIGIN (ram0)
                0x0000000000020000                __ram0_size__ = 0x20000
                0x0000000020020000                __ram0_end__ = (__ram0_start__ + __ram0_size__)
                0x0000000020000000                __ram1_start__ = ORIGIN (ram1)
                0x000000000001c000                __ram1_size__ = 0x1c000
                0x000000002001c000                __ram1_end__ = (__ram1_start__ + __ram1_size__)
                0x000000002001c000                __ram2_start__ = ORIGIN (ram2)
                0x0000000000004000                __ram2_size__ = 0x4000
                0x0000000020020000                __ram2_end__ = (__ram2_start__ + __ram2_size__)
                0x0000000000000000                __ram3_start__ = ORIGIN (ram3)
                0x0000000000000000                __ram3_size__ = 0x0
                0x0000000000000000                __ram3_end__ = (__ram3_start__ + __ram3_size__)
                0x0000000010000000                __ram4_start__ = ORIGIN (ram4)
                0x0000000000010000                __ram4_size__ = 0x10000
                0x0000000010010000                __ram4_end__ = (__ram4_start__ + __ram4_size__)
                0x0000000040024000                __ram5_start__ = ORIGIN (ram5)
                0x0000000000001000                __ram5_size__ = 0x1000
                0x0000000040025000                __ram5_end__ = (__ram5_start__ + __ram5_size__)
                0x0000000000000000                __ram6_start__ = ORIGIN (ram6)
                0x0000000000000000                __ram6_size__ = 0x0
                0x0000000000000000                __ram6_end__ = (__ram6_start__ + __ram6_size__)
                0x0000000000000000                __ram7_start__ = ORIGIN (ram7)
                0x0000000000000000                __ram7_size__ = 0x0
                0x0000000000000000                __ram7_end__ = (__ram7_start__ + __ram7_size__)

.data           0x0000000020000800        0x8 load address 0x00000000080053f4
                0x0000000020000800                . = ALIGN (0x4)
                0x00000000080053f4                PROVIDE (_textdata, LOADADDR (.data))
                0x0000000020000800                PROVIDE (_data, .)
                0x00000000080053f4                _textdata_start = LOADADDR (.data)
                0x0000000020000800                _data_start = .
 *(.data)
 *(.data.*)
 .data.linecoding
                0x0000000020000800        0x7 /tmp/ccJ8GRf9.ltrans1.ltrans.o
 *(.ramtext)
                0x0000000020000808                . = ALIGN (0x4)
 *fill*         0x0000000020000807        0x1 
                0x0000000020000808                PROVIDE (_edata, .)
                0x0000000020000808                _data_end = .

.igot.plt       0x0000000020000808        0x0 load address 0x00000000080053fc
 .igot.plt      0x0000000000000000        0x0 build/obj/crt0_v7m.o

.bss            0x0000000020000808     0x145c load address 0x00000000080053fc
                0x0000000020000808                . = ALIGN (0x4)
                0x0000000020000808                _bss_start = .
 *(.bss)
 *(.bss.*)
 .bss.default_heap
                0x0000000020000808       0x20 /tmp/ccJ8GRf9.ltrans0.ltrans.o
 .bss.SPID1     0x0000000020000828       0x30 /tmp/ccJ8GRf9.ltrans0.ltrans.o
 .bss.SPID2     0x0000000020000858       0x30 /tmp/ccJ8GRf9.ltrans0.ltrans.o
 .bss.SPID3     0x0000000020000888       0x30 /tmp/ccJ8GRf9.ltrans0.ltrans.o
 .bss.endmem.lto_priv.84
                0x00000000200008b8        0x4 /tmp/ccJ8GRf9.ltrans0.ltrans.o
                0x00000000200008b8                endmem.lto_priv.84
 .bss.MPUbuffer
                0x00000000200008bc        0xe /tmp/ccJ8GRf9.ltrans0.ltrans.o
 *fill*         0x00000000200008ca        0x2 
 .bss.SDU1      0x00000000200008cc      0x490 /tmp/ccJ8GRf9.ltrans0.ltrans.o
                0x00000000200008cc                SDU1
 .bss.nextmem.lto_priv.83
                0x0000000020000d5c        0x4 /tmp/ccJ8GRf9.ltrans0.ltrans.o
                0x0000000020000d5c                nextmem.lto_priv.83
 .bss.MPUdevAddr
                0x0000000020000d60        0x1 /tmp/ccJ8GRf9.ltrans0.ltrans.o
 *fill*         0x0000000020000d61        0x7 
 .bss.blinker_thread_wa
                0x0000000020000d68      0x1d0 /tmp/ccJ8GRf9.ltrans0.ltrans.o
 .bss.ch_idle_thread_wa
                0x0000000020000f38      0x160 /tmp/ccJ8GRf9.ltrans0.ltrans.o
 .bss.ep0_state
                0x0000000020001098       0x10 /tmp/ccJ8GRf9.ltrans4.ltrans.o
 .bss.ep1outstate
                0x00000000200010a8       0x10 /tmp/ccJ8GRf9.ltrans4.ltrans.o
 .bss.ep0setup_buffer
                0x00000000200010b8        0x8 /tmp/ccJ8GRf9.ltrans4.ltrans.o
 .bss.ep2instate
                0x00000000200010c0       0x10 /tmp/ccJ8GRf9.ltrans4.ltrans.o
 .bss.ep1instate
                0x00000000200010d0       0x10 /tmp/ccJ8GRf9.ltrans4.ltrans.o
 .bss.USBD1     0x00000000200010e0      0x240 /tmp/ccJ8GRf9.ltrans5.ltrans.o
                0x00000000200010e0                USBD1
 .bss.ch        0x0000000020001320      0x888 /tmp/ccJ8GRf9.ltrans5.ltrans.o
                0x0000000020001320                ch
 .bss.dma_isr_redir.lto_priv.65
                0x0000000020001ba8       0x80 /tmp/ccJ8GRf9.ltrans5.ltrans.o
                0x0000000020001ba8                dma_isr_redir.lto_priv.65
 .bss.dma_streams_mask.lto_priv.64
                0x0000000020001c28        0x4 /tmp/ccJ8GRf9.ltrans5.ltrans.o
                0x0000000020001c28                dma_streams_mask.lto_priv.64
 .bss.I2CD1     0x0000000020001c2c       0x38 /tmp/ccJ8GRf9.ltrans5.ltrans.o
                0x0000000020001c2c                I2CD1
 *(COMMON)
                0x0000000020001c64                . = ALIGN (0x4)
                0x0000000020001c64                _bss_end = .
                0x0000000020001c64                PROVIDE (end, .)

.ram0_init      0x0000000020001c64        0x0 load address 0x00000000080053fc
                0x0000000020001c64                . = ALIGN (0x4)
                0x00000000080053fc                __ram0_init_text__ = LOADADDR (.ram0_init)
                0x0000000020001c64                __ram0_init__ = .
 *(.ram0_init)
 *(.ram0_init.*)
                0x0000000020001c64                . = ALIGN (0x4)

.ram0           0x0000000020001c64        0x0 load address 0x00000000080053fc
                0x0000000020001c64                . = ALIGN (0x4)
                0x0000000020001c64                __ram0_clear__ = .
 *(.ram0_clear)
 *(.ram0_clear.*)
                0x0000000020001c64                . = ALIGN (0x4)
                0x0000000020001c64                __ram0_noinit__ = .
 *(.ram0)
 *(.ram0.*)
                0x0000000020001c64                . = ALIGN (0x4)
                0x0000000020001c64                __ram0_free__ = .

.ram1_init      0x0000000020000000        0x0 load address 0x00000000080053fc
                0x0000000020000000                . = ALIGN (0x4)
                0x00000000080053fc                __ram1_init_text__ = LOADADDR (.ram1_init)
                0x0000000020000000                __ram1_init__ = .
 *(.ram1_init)
 *(.ram1_init.*)
                0x0000000020000000                . = ALIGN (0x4)

.ram1           0x0000000020000000        0x0 load address 0x00000000080053fc
                0x0000000020000000                . = ALIGN (0x4)
                0x0000000020000000                __ram1_clear__ = .
 *(.ram1_clear)
 *(.ram1_clear.*)
                0x0000000020000000                . = ALIGN (0x4)
                0x0000000020000000                __ram1_noinit__ = .
 *(.ram1)
 *(.ram1.*)
                0x0000000020000000                . = ALIGN (0x4)
                0x0000000020000000                __ram1_free__ = .

.ram2_init      0x000000002001c000        0x0 load address 0x00000000080053fc
                0x000000002001c000                . = ALIGN (0x4)
                0x00000000080053fc                __ram2_init_text__ = LOADADDR (.ram2_init)
                0x000000002001c000                __ram2_init__ = .
 *(.ram2_init)
 *(.ram2_init.*)
                0x000000002001c000                . = ALIGN (0x4)

.ram2           0x000000002001c000        0x0 load address 0x00000000080053fc
                0x000000002001c000                . = ALIGN (0x4)
                0x000000002001c000                __ram2_clear__ = .
 *(.ram2_clear)
 *(.ram2_clear.*)
                0x000000002001c000                . = ALIGN (0x4)
                0x000000002001c000                __ram2_noinit__ = .
 *(.ram2)
 *(.ram2.*)
                0x000000002001c000                . = ALIGN (0x4)
                0x000000002001c000                __ram2_free__ = .

.ram3_init      0x0000000000000000        0x0 load address 0x00000000080053fc
                0x0000000000000000                . = ALIGN (0x4)
                0x00000000080053fc                __ram3_init_text__ = LOADADDR (.ram3_init)
                0x0000000000000000                __ram3_init__ = .
 *(.ram3_init)
 *(.ram3_init.*)
                0x0000000000000000                . = ALIGN (0x4)

.ram3           0x0000000000000000        0x0 load address 0x00000000080053fc
                0x0000000000000000                . = ALIGN (0x4)
                0x0000000000000000                __ram3_clear__ = .
 *(.ram3_clear)
 *(.ram3_clear.*)
                0x0000000000000000                . = ALIGN (0x4)
                0x0000000000000000                __ram3_noinit__ = .
 *(.ram3)
 *(.ram3.*)
                0x0000000000000000                . = ALIGN (0x4)
                0x0000000000000000                __ram3_free__ = .

.ram4_init      0x0000000010000000        0x0 load address 0x00000000080053fc
                0x0000000010000000                . = ALIGN (0x4)
                0x00000000080053fc                __ram4_init_text__ = LOADADDR (.ram4_init)
                0x0000000010000000                __ram4_init__ = .
 *(.ram4_init)
 *(.ram4_init.*)
                0x0000000010000000                . = ALIGN (0x4)

.ram4           0x0000000010000000        0x0 load address 0x00000000080053fc
                0x0000000010000000                . = ALIGN (0x4)
                0x0000000010000000                __ram4_clear__ = .
 *(.ram4_clear)
 *(.ram4_clear.*)
                0x0000000010000000                . = ALIGN (0x4)
                0x0000000010000000                __ram4_noinit__ = .
 *(.ram4)
 *(.ram4.*)
                0x0000000010000000                . = ALIGN (0x4)
                0x0000000010000000                __ram4_free__ = .

.ram5_init      0x0000000040024000        0x0 load address 0x00000000080053fc
                0x0000000040024000                . = ALIGN (0x4)
                0x00000000080053fc                __ram5_init_text__ = LOADADDR (.ram5_init)
                0x0000000040024000                __ram5_init__ = .
 *(.ram5_init)
 *(.ram5_init.*)
                0x0000000040024000                . = ALIGN (0x4)

.ram5           0x0000000040024000        0x0 load address 0x00000000080053fc
                0x0000000040024000                . = ALIGN (0x4)
                0x0000000040024000                __ram5_clear__ = .
 *(.ram5_clear)
 *(.ram5_clear.*)
                0x0000000040024000                . = ALIGN (0x4)
                0x0000000040024000                __ram5_noinit__ = .
 *(.ram5)
 *(.ram5.*)
                0x0000000040024000                . = ALIGN (0x4)
                0x0000000040024000                __ram5_free__ = .

.ram6_init      0x0000000000000000        0x0 load address 0x00000000080053fc
                0x0000000000000000                . = ALIGN (0x4)
                0x00000000080053fc                __ram6_init_text__ = LOADADDR (.ram6_init)
                0x0000000000000000                __ram6_init__ = .
 *(.ram6_init)
 *(.ram6_init.*)
                0x0000000000000000                . = ALIGN (0x4)

.ram6           0x0000000000000000        0x0 load address 0x00000000080053fc
                0x0000000000000000                . = ALIGN (0x4)
                0x0000000000000000                __ram6_clear__ = .
 *(.ram6_clear)
 *(.ram6_clear.*)
                0x0000000000000000                . = ALIGN (0x4)
                0x0000000000000000                __ram6_noinit__ = .
 *(.ram6)
 *(.ram6.*)
                0x0000000000000000                . = ALIGN (0x4)
                0x0000000000000000                __ram6_free__ = .

.ram7_init      0x0000000000000000        0x0 load address 0x00000000080053fc
                0x0000000000000000                . = ALIGN (0x4)
                0x00000000080053fc                __ram7_init_text__ = LOADADDR (.ram7_init)
                0x0000000000000000                __ram7_init__ = .
 *(.ram7_init)
 *(.ram7_init.*)
                0x0000000000000000                . = ALIGN (0x4)

.ram7           0x0000000000000000        0x0 load address 0x00000000080053fc
                0x0000000000000000                . = ALIGN (0x4)
                0x0000000000000000                __ram7_clear__ = .
 *(.ram7_clear)
 *(.ram7_clear.*)
                0x0000000000000000                . = ALIGN (0x4)
                0x0000000000000000                __ram7_noinit__ = .
 *(.ram7)
 *(.ram7.*)
                0x0000000000000000                . = ALIGN (0x4)
                0x0000000000000000                __ram7_free__ = .

.heap           0x0000000020001c64    0x1e39c
                0x0000000020001c68                . = ALIGN (0x8)
 *fill*         0x0000000020001c64        0x4 
                0x0000000020001c68                __heap_base__ = .
                0x0000000020020000                . = (ORIGIN (HEAP_RAM) + 0x20000)
 *fill*         0x0000000020001c68    0x1e398 
                0x0000000020020000                __heap_end__ = .
                0x0000000000000400                __process_stack_size__ = 0x400
                0x0000000000000400                __main_stack_size__ = 0x400
START GROUP
LOAD /usr/bin/../lib/gcc/arm-none-eabi/4.9.3/armv7e-m/fpu/libgcc.a
LOAD /usr/bin/../lib/gcc/arm-none-eabi/4.9.3/../../../../arm-none-eabi/lib/armv7e-m/fpu/libg.a
LOAD /usr/bin/../lib/gcc/arm-none-eabi/4.9.3/../../../../arm-none-eabi/lib/armv7e-m/fpu/libc.a
END GROUP
OUTPUT(build/sensor2.elf elf32-littlearm)

.ARM.attributes
                0x0000000000000000       0x35
 .ARM.attributes
                0x0000000000000000       0x25 build/obj/crt0_v7m.o
 .ARM.attributes
                0x0000000000000025       0x25 build/obj/chcoreasm_v7m.o
 .ARM.attributes
                0x000000000000004a       0x37 /tmp/ccJ8GRf9.ltrans0.ltrans.o
 .ARM.attributes
                0x0000000000000081       0x37 /tmp/ccJ8GRf9.ltrans1.ltrans.o
 .ARM.attributes
                0x00000000000000b8       0x37 /tmp/ccJ8GRf9.ltrans2.ltrans.o
 .ARM.attributes
                0x00000000000000ef       0x37 /tmp/ccJ8GRf9.ltrans3.ltrans.o
 .ARM.attributes
                0x0000000000000126       0x37 /tmp/ccJ8GRf9.ltrans4.ltrans.o
 .ARM.attributes
                0x000000000000015d       0x37 /tmp/ccJ8GRf9.ltrans5.ltrans.o
 .ARM.attributes
                0x0000000000000194       0x20 /usr/bin/../lib/gcc/arm-none-eabi/4.9.3/../../../../arm-none-eabi/lib/armv7e-m/fpu/libg.a(lib_a-memcpy.o)
 .ARM.attributes
                0x00000000000001b4       0x34 /usr/bin/../lib/gcc/arm-none-eabi/4.9.3/../../../../arm-none-eabi/lib/armv7e-m/fpu/libg.a(lib_a-memset.o)

.comment        0x0000000000000000       0x70
 .comment       0x0000000000000000       0x70 /tmp/ccJ8GRf9.ltrans0.ltrans.o
                                         0x71 (size before relaxing)
 .comment       0x0000000000000000       0x71 /tmp/ccJ8GRf9.ltrans1.ltrans.o
 .comment       0x0000000000000000       0x71 /tmp/ccJ8GRf9.ltrans2.ltrans.o
 .comment       0x0000000000000000       0x71 /tmp/ccJ8GRf9.ltrans3.ltrans.o
 .comment       0x0000000000000000       0x71 /tmp/ccJ8GRf9.ltrans4.ltrans.o
 .comment       0x0000000000000000       0x71 /tmp/ccJ8GRf9.ltrans5.ltrans.o

.debug_info     0x0000000000000000    0x144b8
 .debug_info    0x0000000000000000     0x3fd1 /tmp/ccJ8GRf9.ltrans0.ltrans.o
 .debug_info    0x0000000000003fd1     0x3b89 /tmp/ccJ8GRf9.ltrans1.ltrans.o
 .debug_info    0x0000000000007b5a     0x31f6 /tmp/ccJ8GRf9.ltrans2.ltrans.o
 .debug_info    0x000000000000ad50     0x2bce /tmp/ccJ8GRf9.ltrans3.ltrans.o
 .debug_info    0x000000000000d91e     0x3ab8 /tmp/ccJ8GRf9.ltrans4.ltrans.o
 .debug_info    0x00000000000113d6     0x30e2 /tmp/ccJ8GRf9.ltrans5.ltrans.o

.debug_abbrev   0x0000000000000000     0x232d
 .debug_abbrev  0x0000000000000000      0x590 /tmp/ccJ8GRf9.ltrans0.ltrans.o
 .debug_abbrev  0x0000000000000590      0x6dc /tmp/ccJ8GRf9.ltrans1.ltrans.o
 .debug_abbrev  0x0000000000000c6c      0x4e5 /tmp/ccJ8GRf9.ltrans2.ltrans.o
 .debug_abbrev  0x0000000000001151      0x5c3 /tmp/ccJ8GRf9.ltrans3.ltrans.o
 .debug_abbrev  0x0000000000001714      0x647 /tmp/ccJ8GRf9.ltrans4.ltrans.o
 .debug_abbrev  0x0000000000001d5b      0x5d2 /tmp/ccJ8GRf9.ltrans5.ltrans.o

.debug_loc      0x0000000000000000     0x5b5e
 .debug_loc     0x0000000000000000      0xdea /tmp/ccJ8GRf9.ltrans0.ltrans.o
 .debug_loc     0x0000000000000dea     0x15f9 /tmp/ccJ8GRf9.ltrans1.ltrans.o
 .debug_loc     0x00000000000023e3      0xd33 /tmp/ccJ8GRf9.ltrans2.ltrans.o
 .debug_loc     0x0000000000003116      0xfa6 /tmp/ccJ8GRf9.ltrans3.ltrans.o
 .debug_loc     0x00000000000040bc      0xe4d /tmp/ccJ8GRf9.ltrans4.ltrans.o
 .debug_loc     0x0000000000004f09      0xc55 /tmp/ccJ8GRf9.ltrans5.ltrans.o

.debug_aranges  0x0000000000000000      0x428
 .debug_aranges
                0x0000000000000000       0x20 /tmp/ccJ8GRf9.ltrans0.ltrans.o
 .debug_aranges
                0x0000000000000020      0x108 /tmp/ccJ8GRf9.ltrans1.ltrans.o
 .debug_aranges
                0x0000000000000128       0xd8 /tmp/ccJ8GRf9.ltrans2.ltrans.o
 .debug_aranges
                0x0000000000000200      0x138 /tmp/ccJ8GRf9.ltrans3.ltrans.o
 .debug_aranges
                0x0000000000000338       0x70 /tmp/ccJ8GRf9.ltrans4.ltrans.o
 .debug_aranges
                0x00000000000003a8       0x80 /tmp/ccJ8GRf9.ltrans5.ltrans.o

.debug_ranges   0x0000000000000000     0x2618
 .debug_ranges  0x0000000000000000      0xea0 /tmp/ccJ8GRf9.ltrans0.ltrans.o
 .debug_ranges  0x0000000000000ea0      0x590 /tmp/ccJ8GRf9.ltrans1.ltrans.o
 .debug_ranges  0x0000000000001430      0x220 /tmp/ccJ8GRf9.ltrans2.ltrans.o
 .debug_ranges  0x0000000000001650      0x760 /tmp/ccJ8GRf9.ltrans3.ltrans.o
 .debug_ranges  0x0000000000001db0      0x5a0 /tmp/ccJ8GRf9.ltrans4.ltrans.o
 .debug_ranges  0x0000000000002350      0x2c8 /tmp/ccJ8GRf9.ltrans5.ltrans.o

.debug_line     0x0000000000000000     0x4821
 .debug_line    0x0000000000000000      0xfe6 /tmp/ccJ8GRf9.ltrans0.ltrans.o
 .debug_line    0x0000000000000fe6      0xba2 /tmp/ccJ8GRf9.ltrans1.ltrans.o
 .debug_line    0x0000000000001b88      0xa16 /tmp/ccJ8GRf9.ltrans2.ltrans.o
 .debug_line    0x000000000000259e      0xcb8 /tmp/ccJ8GRf9.ltrans3.ltrans.o
 .debug_line    0x0000000000003256      0xc84 /tmp/ccJ8GRf9.ltrans4.ltrans.o
 .debug_line    0x0000000000003eda      0x947 /tmp/ccJ8GRf9.ltrans5.ltrans.o

.debug_str      0x0000000000000000     0x3120
 .debug_str     0x0000000000000000     0x193f /tmp/ccJ8GRf9.ltrans0.ltrans.o
                                       0x1a8b (size before relaxing)
 .debug_str     0x000000000000193f      0x6ed /tmp/ccJ8GRf9.ltrans1.ltrans.o
                                       0x13c0 (size before relaxing)
 .debug_str     0x000000000000202c      0x365 /tmp/ccJ8GRf9.ltrans2.ltrans.o
                                       0x10b5 (size before relaxing)
 .debug_str     0x0000000000002391      0x439 /tmp/ccJ8GRf9.ltrans3.ltrans.o
                                        0xc28 (size before relaxing)
 .debug_str     0x00000000000027ca      0x5d2 /tmp/ccJ8GRf9.ltrans4.ltrans.o
                                       0x175b (size before relaxing)
 .debug_str     0x0000000000002d9c      0x384 /tmp/ccJ8GRf9.ltrans5.ltrans.o
                                       0x151c (size before relaxing)

.debug_frame    0x0000000000000000      0xdc8
 .debug_frame   0x0000000000000000       0x2c /tmp/ccJ8GRf9.ltrans0.ltrans.o
 .debug_frame   0x000000000000002c      0x320 /tmp/ccJ8GRf9.ltrans1.ltrans.o
 .debug_frame   0x000000000000034c      0x2f0 /tmp/ccJ8GRf9.ltrans2.ltrans.o
 .debug_frame   0x000000000000063c      0x3f0 /tmp/ccJ8GRf9.ltrans3.ltrans.o
 .debug_frame   0x0000000000000a2c      0x180 /tmp/ccJ8GRf9.ltrans4.ltrans.o
 .debug_frame   0x0000000000000bac      0x1e8 /tmp/ccJ8GRf9.ltrans5.ltrans.o
 .debug_frame   0x0000000000000d94       0x34 /usr/bin/../lib/gcc/arm-none-eabi/4.9.3/../../../../arm-none-eabi/lib/armv7e-m/fpu/libg.a(lib_a-memset.o)

Cross Reference Table

Symbol                                            File
BusFault_Handler                                  /tmp/ccJ8GRf9.ltrans3.ltrans.o
                                                  build/obj/vectors.o (symbol from plugin)
                                                  /tmp/ccJ8GRf9.ltrans4.ltrans.o
DebugMon_Handler                                  /tmp/ccJ8GRf9.ltrans3.ltrans.o
                                                  build/obj/vectors.o (symbol from plugin)
                                                  /tmp/ccJ8GRf9.ltrans4.ltrans.o
HardFault_Handler                                 /tmp/ccJ8GRf9.ltrans3.ltrans.o
                                                  build/obj/vectors.o (symbol from plugin)
                                                  /tmp/ccJ8GRf9.ltrans4.ltrans.o
I2CD1                                             /tmp/ccJ8GRf9.ltrans5.ltrans.o
                                                  build/obj/hal_i2c_lld.o (symbol from plugin)
                                                  /tmp/ccJ8GRf9.ltrans4.ltrans.o
                                                  /tmp/ccJ8GRf9.ltrans2.ltrans.o
                                                  /tmp/ccJ8GRf9.ltrans0.ltrans.o
                                                  build/obj/i2cdev_chibi.o (symbol from plugin)
                                                  build/obj/i2c_functions.o (symbol from plugin)
I2CdevreadBit                                     build/obj/i2cdev_chibi.o (symbol from plugin)
                                                  build/obj/mpu6050.o (symbol from plugin)
I2CdevreadBitW                                    build/obj/i2cdev_chibi.o (symbol from plugin)
I2CdevreadBits                                    build/obj/i2cdev_chibi.o (symbol from plugin)
                                                  build/obj/mpu6050.o (symbol from plugin)
I2CdevreadBitsW                                   build/obj/i2cdev_chibi.o (symbol from plugin)
I2CdevreadByte                                    build/obj/i2cdev_chibi.o (symbol from plugin)
                                                  build/obj/mpu6050.o (symbol from plugin)
I2CdevreadBytes                                   build/obj/i2cdev_chibi.o (symbol from plugin)
                                                  build/obj/mpu6050.o (symbol from plugin)
I2CdevreadBytes.constprop.3                       /tmp/ccJ8GRf9.ltrans5.ltrans.o
                                                  /tmp/ccJ8GRf9.ltrans0.ltrans.o
I2CdevreadWord                                    build/obj/i2cdev_chibi.o (symbol from plugin)
I2CdevreadWords                                   build/obj/i2cdev_chibi.o (symbol from plugin)
I2CdevwriteBit                                    /tmp/ccJ8GRf9.ltrans5.ltrans.o
                                                  build/obj/i2cdev_chibi.o (symbol from plugin)
                                                  /tmp/ccJ8GRf9.ltrans0.ltrans.o
                                                  build/obj/mpu6050.o (symbol from plugin)
I2CdevwriteBitW                                   build/obj/i2cdev_chibi.o (symbol from plugin)
I2CdevwriteBits                                   /tmp/ccJ8GRf9.ltrans5.ltrans.o
                                                  build/obj/i2cdev_chibi.o (symbol from plugin)
                                                  /tmp/ccJ8GRf9.ltrans0.ltrans.o
                                                  build/obj/mpu6050.o (symbol from plugin)
I2CdevwriteBitsW                                  build/obj/i2cdev_chibi.o (symbol from plugin)
I2CdevwriteByte                                   build/obj/i2cdev_chibi.o (symbol from plugin)
                                                  build/obj/mpu6050.o (symbol from plugin)
I2CdevwriteBytes                                  build/obj/i2cdev_chibi.o (symbol from plugin)
                                                  build/obj/mpu6050.o (symbol from plugin)
I2CdevwriteWord                                   build/obj/i2cdev_chibi.o (symbol from plugin)
                                                  build/obj/mpu6050.o (symbol from plugin)
I2CdevwriteWords                                  build/obj/i2cdev_chibi.o (symbol from plugin)
MPU6050                                           build/obj/mpu6050.o (symbol from plugin)
                                                  build/obj/main.o (symbol from plugin)
MPUbuffer                                         build/obj/mpu6050.o (symbol from plugin)
MPUdevAddr                                        build/obj/mpu6050.o (symbol from plugin)
MPUfifoBuffer                                     build/obj/mpu6050.o (symbol from plugin)
MPUfifoCount                                      build/obj/mpu6050.o (symbol from plugin)
MPUgetAccelFIFOEnabled                            build/obj/mpu6050.o (symbol from plugin)
MPUgetAccelXSelfTest                              build/obj/mpu6050.o (symbol from plugin)
MPUgetAccelYSelfTest                              build/obj/mpu6050.o (symbol from plugin)
MPUgetAccelZSelfTest                              build/obj/mpu6050.o (symbol from plugin)
MPUgetAcceleration                                build/obj/mpu6050.o (symbol from plugin)
MPUgetAccelerationX                               build/obj/mpu6050.o (symbol from plugin)
MPUgetAccelerationY                               build/obj/mpu6050.o (symbol from plugin)
MPUgetAccelerationZ                               build/obj/mpu6050.o (symbol from plugin)
MPUgetAccelerometerPowerOnDelay                   build/obj/mpu6050.o (symbol from plugin)
MPUgetAuxVDDIOLevel                               build/obj/mpu6050.o (symbol from plugin)
MPUgetClockOutputEnabled                          build/obj/mpu6050.o (symbol from plugin)
MPUgetClockSource                                 build/obj/mpu6050.o (symbol from plugin)
MPUgetDHPFMode                                    build/obj/mpu6050.o (symbol from plugin)
MPUgetDLPFMode                                    build/obj/mpu6050.o (symbol from plugin)
MPUgetDMPConfig1                                  build/obj/mpu6050.o (symbol from plugin)
MPUgetDMPConfig2                                  build/obj/mpu6050.o (symbol from plugin)
MPUgetDMPEnabled                                  build/obj/mpu6050.o (symbol from plugin)
MPUgetDMPInt0Status                               build/obj/mpu6050.o (symbol from plugin)
MPUgetDMPInt1Status                               build/obj/mpu6050.o (symbol from plugin)
MPUgetDMPInt2Status                               build/obj/mpu6050.o (symbol from plugin)
MPUgetDMPInt3Status                               build/obj/mpu6050.o (symbol from plugin)
MPUgetDMPInt4Status                               build/obj/mpu6050.o (symbol from plugin)
MPUgetDMPInt5Status                               build/obj/mpu6050.o (symbol from plugin)
MPUgetDeviceID                                    build/obj/mpu6050.o (symbol from plugin)
MPUgetExternalFrameSync                           build/obj/mpu6050.o (symbol from plugin)
MPUgetExternalSensorByte                          build/obj/mpu6050.o (symbol from plugin)
MPUgetExternalSensorDWord                         build/obj/mpu6050.o (symbol from plugin)
MPUgetExternalSensorWord                          build/obj/mpu6050.o (symbol from plugin)
MPUgetExternalShadowDelayEnabled                  build/obj/mpu6050.o (symbol from plugin)
MPUgetFIFOByte                                    build/obj/mpu6050.o (symbol from plugin)
MPUgetFIFOBytes                                   build/obj/mpu6050.o (symbol from plugin)
MPUgetFIFOCount                                   build/obj/mpu6050.o (symbol from plugin)
MPUgetFIFOEnabled                                 build/obj/mpu6050.o (symbol from plugin)
MPUgetFSyncInterruptEnabled                       build/obj/mpu6050.o (symbol from plugin)
MPUgetFSyncInterruptLevel                         build/obj/mpu6050.o (symbol from plugin)
MPUgetFreefallDetectionCounterDecrement           build/obj/mpu6050.o (symbol from plugin)
MPUgetFreefallDetectionDuration                   build/obj/mpu6050.o (symbol from plugin)
MPUgetFreefallDetectionThreshold                  build/obj/mpu6050.o (symbol from plugin)
MPUgetFullScaleAccelRange                         build/obj/mpu6050.o (symbol from plugin)
MPUgetFullScaleGyroRange                          build/obj/mpu6050.o (symbol from plugin)
MPUgetI2CBypassEnabled                            build/obj/mpu6050.o (symbol from plugin)
MPUgetI2CMasterModeEnabled                        build/obj/mpu6050.o (symbol from plugin)
MPUgetIntDMPEnabled                               build/obj/mpu6050.o (symbol from plugin)
MPUgetIntDMPStatus                                build/obj/mpu6050.o (symbol from plugin)
MPUgetIntDataReadyEnabled                         build/obj/mpu6050.o (symbol from plugin)
MPUgetIntDataReadyStatus                          build/obj/mpu6050.o (symbol from plugin)
MPUgetIntEnabled                                  build/obj/mpu6050.o (symbol from plugin)
MPUgetIntFIFOBufferOverflowEnabled                build/obj/mpu6050.o (symbol from plugin)
MPUgetIntFIFOBufferOverflowStatus                 build/obj/mpu6050.o (symbol from plugin)
MPUgetIntFreefallEnabled                          build/obj/mpu6050.o (symbol from plugin)
MPUgetIntFreefallStatus                           build/obj/mpu6050.o (symbol from plugin)
MPUgetIntI2CMasterEnabled                         build/obj/mpu6050.o (symbol from plugin)
MPUgetIntI2CMasterStatus                          build/obj/mpu6050.o (symbol from plugin)
MPUgetIntMotionEnabled                            build/obj/mpu6050.o (symbol from plugin)
MPUgetIntMotionStatus                             build/obj/mpu6050.o (symbol from plugin)
MPUgetIntPLLReadyEnabled                          build/obj/mpu6050.o (symbol from plugin)
MPUgetIntPLLReadyStatus                           build/obj/mpu6050.o (symbol from plugin)
MPUgetIntStatus                                   build/obj/mpu6050.o (symbol from plugin)
MPUgetIntZeroMotionEnabled                        build/obj/mpu6050.o (symbol from plugin)
MPUgetIntZeroMotionStatus                         build/obj/mpu6050.o (symbol from plugin)
MPUgetInterruptDrive                              build/obj/mpu6050.o (symbol from plugin)
MPUgetInterruptLatch                              build/obj/mpu6050.o (symbol from plugin)
MPUgetInterruptLatchClear                         build/obj/mpu6050.o (symbol from plugin)
MPUgetInterruptMode                               build/obj/mpu6050.o (symbol from plugin)
MPUgetLostArbitration                             build/obj/mpu6050.o (symbol from plugin)
MPUgetMasterClockSpeed                            build/obj/mpu6050.o (symbol from plugin)
MPUgetMotion6                                     build/obj/mpu6050.o (symbol from plugin)
                                                  build/obj/rx_requests.o (symbol from plugin)
MPUgetMotion9                                     build/obj/mpu6050.o (symbol from plugin)
MPUgetMotionDetectionCounterDecrement             build/obj/mpu6050.o (symbol from plugin)
MPUgetMotionDetectionDuration                     build/obj/mpu6050.o (symbol from plugin)
MPUgetMotionDetectionThreshold                    build/obj/mpu6050.o (symbol from plugin)
MPUgetMultiMasterEnabled                          build/obj/mpu6050.o (symbol from plugin)
MPUgetOTPBankValid                                build/obj/mpu6050.o (symbol from plugin)
MPUgetPassthroughStatus                           build/obj/mpu6050.o (symbol from plugin)
MPUgetRate                                        build/obj/mpu6050.o (symbol from plugin)
MPUgetRotation                                    build/obj/mpu6050.o (symbol from plugin)
MPUgetRotationX                                   build/obj/mpu6050.o (symbol from plugin)
MPUgetRotationY                                   build/obj/mpu6050.o (symbol from plugin)
MPUgetRotationZ                                   build/obj/mpu6050.o (symbol from plugin)
MPUgetSlate4InputByte                             build/obj/mpu6050.o (symbol from plugin)
MPUgetSlave0FIFOEnabled                           build/obj/mpu6050.o (symbol from plugin)
MPUgetSlave0Nack                                  build/obj/mpu6050.o (symbol from plugin)
MPUgetSlave1FIFOEnabled                           build/obj/mpu6050.o (symbol from plugin)
MPUgetSlave1Nack                                  build/obj/mpu6050.o (symbol from plugin)
MPUgetSlave2FIFOEnabled                           build/obj/mpu6050.o (symbol from plugin)
MPUgetSlave2Nack                                  build/obj/mpu6050.o (symbol from plugin)
MPUgetSlave3FIFOEnabled                           build/obj/mpu6050.o (symbol from plugin)
MPUgetSlave3Nack                                  build/obj/mpu6050.o (symbol from plugin)
MPUgetSlave4Address                               build/obj/mpu6050.o (symbol from plugin)
MPUgetSlave4Enabled                               build/obj/mpu6050.o (symbol from plugin)
MPUgetSlave4InterruptEnabled                      build/obj/mpu6050.o (symbol from plugin)
MPUgetSlave4IsDone                                build/obj/mpu6050.o (symbol from plugin)
MPUgetSlave4MasterDelay                           build/obj/mpu6050.o (symbol from plugin)
MPUgetSlave4Nack                                  build/obj/mpu6050.o (symbol from plugin)
MPUgetSlave4Register                              build/obj/mpu6050.o (symbol from plugin)
MPUgetSlave4WriteMode                             build/obj/mpu6050.o (symbol from plugin)
MPUgetSlaveAddress                                build/obj/mpu6050.o (symbol from plugin)
MPUgetSlaveDataLength                             build/obj/mpu6050.o (symbol from plugin)
MPUgetSlaveDelayEnabled                           build/obj/mpu6050.o (symbol from plugin)
MPUgetSlaveEnabled                                build/obj/mpu6050.o (symbol from plugin)
MPUgetSlaveReadWriteTransitionEnabled             build/obj/mpu6050.o (symbol from plugin)
MPUgetSlaveRegister                               build/obj/mpu6050.o (symbol from plugin)
MPUgetSlaveWordByteSwap                           build/obj/mpu6050.o (symbol from plugin)
MPUgetSlaveWordGroupOffset                        build/obj/mpu6050.o (symbol from plugin)
MPUgetSlaveWriteMode                              build/obj/mpu6050.o (symbol from plugin)
MPUgetSleepEnabled                                build/obj/mpu6050.o (symbol from plugin)
MPUgetStandbyXAccelEnabled                        build/obj/mpu6050.o (symbol from plugin)
MPUgetStandbyXGyroEnabled                         build/obj/mpu6050.o (symbol from plugin)
MPUgetStandbyYAccelEnabled                        build/obj/mpu6050.o (symbol from plugin)
MPUgetStandbyYGyroEnabled                         build/obj/mpu6050.o (symbol from plugin)
MPUgetStandbyZAccelEnabled                        build/obj/mpu6050.o (symbol from plugin)
MPUgetStandbyZGyroEnabled                         build/obj/mpu6050.o (symbol from plugin)
MPUgetTempFIFOEnabled                             build/obj/mpu6050.o (symbol from plugin)
MPUgetTempSensorEnabled                           build/obj/mpu6050.o (symbol from plugin)
MPUgetTemperature                                 build/obj/mpu6050.o (symbol from plugin)
MPUgetWaitForExternalSensorEnabled                build/obj/mpu6050.o (symbol from plugin)
MPUgetWakeCycleEnabled                            build/obj/mpu6050.o (symbol from plugin)
MPUgetWakeFrequency                               build/obj/mpu6050.o (symbol from plugin)
MPUgetXAccelOffset                                build/obj/mpu6050.o (symbol from plugin)
MPUgetXFineGain                                   build/obj/mpu6050.o (symbol from plugin)
MPUgetXGyroFIFOEnabled                            build/obj/mpu6050.o (symbol from plugin)
MPUgetXGyroOffset                                 build/obj/mpu6050.o (symbol from plugin)
MPUgetXGyroOffsetUser                             build/obj/mpu6050.o (symbol from plugin)
MPUgetXNegMotionDetected                          build/obj/mpu6050.o (symbol from plugin)
MPUgetXPosMotionDetected                          build/obj/mpu6050.o (symbol from plugin)
MPUgetYAccelOffset                                build/obj/mpu6050.o (symbol from plugin)
MPUgetYFineGain                                   build/obj/mpu6050.o (symbol from plugin)
MPUgetYGyroFIFOEnabled                            build/obj/mpu6050.o (symbol from plugin)
MPUgetYGyroOffset                                 build/obj/mpu6050.o (symbol from plugin)
MPUgetYGyroOffsetUser                             build/obj/mpu6050.o (symbol from plugin)
MPUgetYNegMotionDetected                          build/obj/mpu6050.o (symbol from plugin)
MPUgetYPosMotionDetected                          build/obj/mpu6050.o (symbol from plugin)
MPUgetZAccelOffset                                build/obj/mpu6050.o (symbol from plugin)
MPUgetZFineGain                                   build/obj/mpu6050.o (symbol from plugin)
MPUgetZGyroFIFOEnabled                            build/obj/mpu6050.o (symbol from plugin)
MPUgetZGyroOffset                                 build/obj/mpu6050.o (symbol from plugin)
MPUgetZGyroOffsetUser                             build/obj/mpu6050.o (symbol from plugin)
MPUgetZNegMotionDetected                          build/obj/mpu6050.o (symbol from plugin)
MPUgetZPosMotionDetected                          build/obj/mpu6050.o (symbol from plugin)
MPUgetZeroMotionDetected                          build/obj/mpu6050.o (symbol from plugin)
MPUgetZeroMotionDetectionDuration                 build/obj/mpu6050.o (symbol from plugin)
MPUgetZeroMotionDetectionThreshold                build/obj/mpu6050.o (symbol from plugin)
MPUinitialize                                     build/obj/mpu6050.o (symbol from plugin)
                                                  build/obj/main.o (symbol from plugin)
MPUreadMemoryBlock                                build/obj/mpu6050.o (symbol from plugin)
MPUreadMemoryByte                                 build/obj/mpu6050.o (symbol from plugin)
MPUreset                                          build/obj/mpu6050.o (symbol from plugin)
                                                  build/obj/main.o (symbol from plugin)
MPUresetAccelerometerPath                         build/obj/mpu6050.o (symbol from plugin)
MPUresetDMP                                       build/obj/mpu6050.o (symbol from plugin)
MPUresetFIFO                                      build/obj/mpu6050.o (symbol from plugin)
MPUresetGyroscopePath                             build/obj/mpu6050.o (symbol from plugin)
MPUresetI2CMaster                                 build/obj/mpu6050.o (symbol from plugin)
MPUresetSensors                                   build/obj/mpu6050.o (symbol from plugin)
                                                  build/obj/main.o (symbol from plugin)
MPUresetTemperaturePath                           build/obj/mpu6050.o (symbol from plugin)
MPUsetAccelFIFOEnabled                            build/obj/mpu6050.o (symbol from plugin)
MPUsetAccelXSelfTest                              build/obj/mpu6050.o (symbol from plugin)
MPUsetAccelYSelfTest                              build/obj/mpu6050.o (symbol from plugin)
MPUsetAccelZSelfTest                              build/obj/mpu6050.o (symbol from plugin)
MPUsetAccelerometerPowerOnDelay                   build/obj/mpu6050.o (symbol from plugin)
MPUsetAuxVDDIOLevel                               build/obj/mpu6050.o (symbol from plugin)
MPUsetClockOutputEnabled                          build/obj/mpu6050.o (symbol from plugin)
MPUsetClockSource                                 build/obj/mpu6050.o (symbol from plugin)
MPUsetDHPFMode                                    build/obj/mpu6050.o (symbol from plugin)
MPUsetDLPFMode                                    build/obj/mpu6050.o (symbol from plugin)
MPUsetDMPConfig1                                  build/obj/mpu6050.o (symbol from plugin)
MPUsetDMPConfig2                                  build/obj/mpu6050.o (symbol from plugin)
MPUsetDMPEnabled                                  build/obj/mpu6050.o (symbol from plugin)
MPUsetDeviceID                                    build/obj/mpu6050.o (symbol from plugin)
MPUsetExternalFrameSync                           build/obj/mpu6050.o (symbol from plugin)
MPUsetExternalShadowDelayEnabled                  build/obj/mpu6050.o (symbol from plugin)
MPUsetFIFOByte                                    build/obj/mpu6050.o (symbol from plugin)
MPUsetFIFOEnabled                                 build/obj/mpu6050.o (symbol from plugin)
MPUsetFSyncInterruptEnabled                       build/obj/mpu6050.o (symbol from plugin)
MPUsetFSyncInterruptLevel                         build/obj/mpu6050.o (symbol from plugin)
MPUsetFreefallDetectionCounterDecrement           build/obj/mpu6050.o (symbol from plugin)
MPUsetFreefallDetectionDuration                   build/obj/mpu6050.o (symbol from plugin)
MPUsetFreefallDetectionThreshold                  build/obj/mpu6050.o (symbol from plugin)
MPUsetFullScaleAccelRange                         build/obj/mpu6050.o (symbol from plugin)
MPUsetFullScaleGyroRange                          build/obj/mpu6050.o (symbol from plugin)
MPUsetI2CBypassEnabled                            build/obj/mpu6050.o (symbol from plugin)
MPUsetI2CMasterModeEnabled                        build/obj/mpu6050.o (symbol from plugin)
MPUsetIntDMPEnabled                               build/obj/mpu6050.o (symbol from plugin)
MPUsetIntDataReadyEnabled                         build/obj/mpu6050.o (symbol from plugin)
MPUsetIntEnabled                                  build/obj/mpu6050.o (symbol from plugin)
MPUsetIntFIFOBufferOverflowEnabled                build/obj/mpu6050.o (symbol from plugin)
MPUsetIntFreefallEnabled                          build/obj/mpu6050.o (symbol from plugin)
MPUsetIntI2CMasterEnabled                         build/obj/mpu6050.o (symbol from plugin)
MPUsetIntMotionEnabled                            build/obj/mpu6050.o (symbol from plugin)
MPUsetIntPLLReadyEnabled                          build/obj/mpu6050.o (symbol from plugin)
MPUsetIntZeroMotionEnabled                        build/obj/mpu6050.o (symbol from plugin)
MPUsetInterruptDrive                              build/obj/mpu6050.o (symbol from plugin)
MPUsetInterruptLatch                              build/obj/mpu6050.o (symbol from plugin)
MPUsetInterruptLatchClear                         build/obj/mpu6050.o (symbol from plugin)
MPUsetInterruptMode                               build/obj/mpu6050.o (symbol from plugin)
MPUsetMasterClockSpeed                            build/obj/mpu6050.o (symbol from plugin)
MPUsetMemoryBank                                  build/obj/mpu6050.o (symbol from plugin)
MPUsetMemoryStartAddress                          build/obj/mpu6050.o (symbol from plugin)
MPUsetMotionDetectionCounterDecrement             build/obj/mpu6050.o (symbol from plugin)
MPUsetMotionDetectionDuration                     build/obj/mpu6050.o (symbol from plugin)
MPUsetMotionDetectionThreshold                    build/obj/mpu6050.o (symbol from plugin)
MPUsetMultiMasterEnabled                          build/obj/mpu6050.o (symbol from plugin)
MPUsetOTPBankValid                                build/obj/mpu6050.o (symbol from plugin)
MPUsetRate                                        build/obj/mpu6050.o (symbol from plugin)
MPUsetSlave0FIFOEnabled                           build/obj/mpu6050.o (symbol from plugin)
MPUsetSlave1FIFOEnabled                           build/obj/mpu6050.o (symbol from plugin)
MPUsetSlave2FIFOEnabled                           build/obj/mpu6050.o (symbol from plugin)
MPUsetSlave3FIFOEnabled                           build/obj/mpu6050.o (symbol from plugin)
MPUsetSlave4Address                               build/obj/mpu6050.o (symbol from plugin)
MPUsetSlave4Enabled                               build/obj/mpu6050.o (symbol from plugin)
MPUsetSlave4InterruptEnabled                      build/obj/mpu6050.o (symbol from plugin)
MPUsetSlave4MasterDelay                           build/obj/mpu6050.o (symbol from plugin)
MPUsetSlave4OutputByte                            build/obj/mpu6050.o (symbol from plugin)
MPUsetSlave4Register                              build/obj/mpu6050.o (symbol from plugin)
MPUsetSlave4WriteMode                             build/obj/mpu6050.o (symbol from plugin)
MPUsetSlaveAddress                                build/obj/mpu6050.o (symbol from plugin)
MPUsetSlaveDataLength                             build/obj/mpu6050.o (symbol from plugin)
MPUsetSlaveDelayEnabled                           build/obj/mpu6050.o (symbol from plugin)
MPUsetSlaveEnabled                                build/obj/mpu6050.o (symbol from plugin)